Component: ARM Compiler 5.06 update 6 (build 750) Tool: armlink [4d35ed]

==============================================================================

Section Cross References

    main.o(i.TaskA_mut) refers to main.o(i.delay) for delay
    main.o(i.TaskA_mut) refers to rt_cmsis.o(i.osThreadSetPriority) for osThreadSetPriority
    main.o(i.TaskA_mut) refers to rt_cmsis.o(i.osMutexWait) for osMutexWait
    main.o(i.TaskA_mut) refers to main.o(i.Resource_1) for Resource_1
    main.o(i.TaskA_mut) refers to rt_cmsis.o(i.osMutexRelease) for osMutexRelease
    main.o(i.TaskA_mut) refers to main.o(.data) for .data
    main.o(i.TaskA_rsm) refers to main.o(i.delay) for delay
    main.o(i.TaskA_rsm) refers to rt_cmsis.o(i.osThreadSetPriority) for osThreadSetPriority
    main.o(i.TaskA_rsm) refers to rt_cmsis.o(i.osSignalWait) for osSignalWait
    main.o(i.TaskA_rsm) refers to main.o(i.semWait) for semWait
    main.o(i.TaskA_rsm) refers to rt_cmsis.o(i.osSignalSet) for osSignalSet
    main.o(i.TaskA_rsm) refers to main.o(.data) for .data
    main.o(i.TaskA_sem) refers to main.o(i.delay) for delay
    main.o(i.TaskA_sem) refers to rt_cmsis.o(i.osThreadSetPriority) for osThreadSetPriority
    main.o(i.TaskA_sem) refers to rt_cmsis.o(i.osSemaphoreWait) for osSemaphoreWait
    main.o(i.TaskA_sem) refers to main.o(i.Resource_2) for Resource_2
    main.o(i.TaskA_sem) refers to rt_cmsis.o(i.osSemaphoreRelease) for osSemaphoreRelease
    main.o(i.TaskA_sem) refers to main.o(.data) for .data
    main.o(i.TaskC_mut) refers to rt_cmsis.o(i.osMutexWait) for osMutexWait
    main.o(i.TaskC_mut) refers to main.o(i.Resource_1) for Resource_1
    main.o(i.TaskC_mut) refers to rt_cmsis.o(i.osMutexRelease) for osMutexRelease
    main.o(i.TaskC_mut) refers to main.o(.data) for .data
    main.o(i.TaskC_rsm) refers to main.o(i.semRelease) for semRelease
    main.o(i.TaskC_rsm) refers to rt_cmsis.o(i.osSignalSet) for osSignalSet
    main.o(i.TaskC_rsm) refers to rt_cmsis.o(i.osSignalWait) for osSignalWait
    main.o(i.TaskC_rsm) refers to main.o(.data) for .data
    main.o(i.TaskC_sem) refers to rt_cmsis.o(i.osSemaphoreWait) for osSemaphoreWait
    main.o(i.TaskC_sem) refers to main.o(i.Resource_2) for Resource_2
    main.o(i.TaskC_sem) refers to rt_cmsis.o(i.osSemaphoreRelease) for osSemaphoreRelease
    main.o(i.TaskC_sem) refers to main.o(.data) for .data
    main.o(i.Thread_1) refers to led_mcb1700.o(i.LED_On) for LED_On
    main.o(i.Thread_1) refers to rt_cmsis.o(i.osDelay) for osDelay
    main.o(i.Thread_1) refers to dflti.o(.text) for __aeabi_i2d
    main.o(i.Thread_1) refers to dadd.o(.text) for __aeabi_dadd
    main.o(i.Thread_1) refers to led_mcb1700.o(i.LED_Off) for LED_Off
    main.o(i.Thread_1) refers to rt_cmsis.o(i.osThreadTerminate) for osThreadTerminate
    main.o(i.Thread_1) refers to main.o(.data) for .data
    main.o(i.Thread_2) refers to led_mcb1700.o(i.LED_On) for LED_On
    main.o(i.Thread_2) refers to rt_cmsis.o(i.osDelay) for osDelay
    main.o(i.Thread_2) refers to dflti.o(.text) for __aeabi_i2d
    main.o(i.Thread_2) refers to dadd.o(.text) for __aeabi_dadd
    main.o(i.Thread_2) refers to ddiv.o(.text) for __aeabi_ddiv
    main.o(i.Thread_2) refers to led_mcb1700.o(i.LED_Off) for LED_Off
    main.o(i.Thread_2) refers to rt_cmsis.o(i.osThreadTerminate) for osThreadTerminate
    main.o(i.Thread_2) refers to main.o(.data) for .data
    main.o(i.Thread_3) refers to led_mcb1700.o(i.LED_On) for LED_On
    main.o(i.Thread_3) refers to rt_cmsis.o(i.osDelay) for osDelay
    main.o(i.Thread_3) refers to led_mcb1700.o(i.LED_Off) for LED_Off
    main.o(i.Thread_3) refers to rt_cmsis.o(i.osThreadTerminate) for osThreadTerminate
    main.o(i.Thread_3) refers to main.o(.data) for .data
    main.o(i.main) refers to system_lpc17xx.o(i.SystemInit) for SystemInit
    main.o(i.main) refers to led_mcb1700.o(i.LED_Initialize) for LED_Initialize
    main.o(i.main) refers to adc_mcb1700.o(i.ADC_Initialize) for ADC_Initialize
    main.o(i.main) refers to joystick_mcb1700.o(i.Joystick_Initialize) for Joystick_Initialize
    main.o(i.main) refers to system_lpc17xx.o(i.SystemCoreClockUpdate) for SystemCoreClockUpdate
    main.o(i.main) refers to rt_cmsis.o(i.osKernelInitialize) for osKernelInitialize
    main.o(i.main) refers to printfb.o(i.__0printf$bare) for __2printf
    main.o(i.main) refers to joystick_mcb1700.o(i.Joystick_GetState) for Joystick_GetState
    main.o(i.main) refers to rt_cmsis.o(i.osSemaphoreCreate) for osSemaphoreCreate
    main.o(i.main) refers to rt_cmsis.o(i.osThreadGetId) for osThreadGetId
    main.o(i.main) refers to rt_cmsis.o(i.osThreadSetPriority) for osThreadSetPriority
    main.o(i.main) refers to rt_cmsis.o(i.osThreadCreate) for osThreadCreate
    main.o(i.main) refers to rt_cmsis.o(i.osDelay) for osDelay
    main.o(i.main) refers to rt_cmsis.o(i.osThreadTerminate) for osThreadTerminate
[...]
    Removing rt_cmsis.o(i.svcThreadYield), (10 bytes).
    Removing rt_cmsis.o(i.svcTimerCreate), (56 bytes).
    Removing rt_cmsis.o(i.svcTimerDelete), (40 bytes).
    Removing rt_cmsis.o(i.svcTimerStart), (100 bytes).
    Removing rt_cmsis.o(i.svcTimerStop), (36 bytes).
    Removing rt_cmsis.o(i.sysMailAlloc), (88 bytes).
    Removing rt_cmsis.o(i.sysMailFree), (96 bytes).
    Removing rt_cmsis.o(i.sysPoolAlloc), (10 bytes).
    Removing rt_cmsis.o(i.sysPoolFree), (20 bytes).
    Removing rt_cmsis.o(i.sysUserTimerUpdate), (48 bytes).
    Removing rt_cmsis.o(i.sysUserTimerWakeupTime), (20 bytes).
    Removing rt_task.o(i.rt_tsk_pass), (48 bytes).
    Removing rt_system.o(.emb_text), (0 bytes).
    Removing rt_system.o(i.os_tick_ovf), (16 bytes).
    Removing rt_system.o(i.os_tick_val), (20 bytes).
    Removing rt_system.o(i.rt_resume), (136 bytes).
    Removing rt_system.o(i.rt_suspend), (36 bytes).
    Removing rt_system.o(i.rt_tsk_lock), (80 bytes).
    Removing rt_system.o(i.rt_tsk_unlock), (80 bytes).
    Removing rt_event.o(i.rt_evt_clr), (28 bytes).
    Removing rt_event.o(i.rt_evt_get), (12 bytes).
    Removing rt_list.o(i.rt_get_same_rdy_prio), (36 bytes).
    Removing rt_mailbox.o(i.rt_mbx_send), (152 bytes).
    Removing rt_semaphore.o(i.rt_sem_delete), (92 bytes).
    Removing rt_time.o(i.rt_itv_set), (24 bytes).
    Removing rt_time.o(i.rt_itv_wait), (40 bytes).
    Removing rt_time.o(i.rt_time_get), (12 bytes).
    Removing rt_mutex.o(i.rt_mut_delete), (176 bytes).
    Removing rt_membox.o(i._calloc_box), (30 bytes).
    Removing rt_robin.o(i.rt_chk_robin), (72 bytes).
    Removing rt_robin.o(i.rt_init_robin), (24 bytes).
    Removing rt_robin.o(.data), (8 bytes).
    Removing dmul.o(.text), (228 bytes).
    Removing dfixul.o(.text), (48 bytes).
    Removing cdrcmple.o(.text), (48 bytes).

123 unused section(s) (total 3854 bytes) removed from the image.

==============================================================================

Image Symbol Table

    Local Symbols

    Symbol Name                              Value     Ov Type        Size  Object(Section)

    RESET                                    0x00000000   Section      204  startup_lpc17xx.o(RESET)
    ../clib/microlib/division.c              0x00000000   Number         0  uidiv.o ABSOLUTE
    ../clib/microlib/division.c              0x00000000   Number         0  uldiv.o ABSOLUTE
    ../clib/microlib/init/entry.s            0x00000000   Number         0  entry11a.o ABSOLUTE
    ../clib/microlib/init/entry.s            0x00000000   Number         0  entry8a.o ABSOLUTE
    ../clib/microlib/init/entry.s            0x00000000   Number         0  entry7b.o ABSOLUTE
    ../clib/microlib/init/entry.s            0x00000000   Number         0  entry10a.o ABSOLUTE
    ../clib/microlib/init/entry.s            0x00000000   Number         0  entry10b.o ABSOLUTE
    ../clib/microlib/init/entry.s            0x00000000   Number         0  entry11b.o ABSOLUTE
    ../clib/microlib/init/entry.s            0x00000000   Number         0  entry7a.o ABSOLUTE
    ../clib/microlib/init/entry.s            0x00000000   Number         0  entry.o ABSOLUTE
    ../clib/microlib/init/entry.s            0x00000000   Number         0  entry5.o ABSOLUTE
    ../clib/microlib/init/entry.s            0x00000000   Number         0  entry2.o ABSOLUTE
    ../clib/microlib/init/entry.s            0x00000000   Number         0  entry8b.o ABSOLUTE
    ../clib/microlib/longlong.c              0x00000000   Number         0  llsshr.o ABSOLUTE
    ../clib/microlib/longlong.c              0x00000000   Number         0  llushr.o ABSOLUTE
    ../clib/microlib/longlong.c              0x00000000   Number         0  llshl.o ABSOLUTE
    ../clib/microlib/printf/printf.c         0x00000000   Number         0  printfb.o ABSOLUTE
    ../clib/microlib/printf/printf.c         0x00000000   Number         0  printf0.o ABSOLUTE
    ../clib/microlib/printf/printf.c         0x00000000   Number         0  printf1.o ABSOLUTE
    ../clib/microlib/printf/printf.c         0x00000000   Number         0  printf2.o ABSOLUTE
    ../clib/microlib/printf/printf.c         0x00000000   Number         0  printf3.o ABSOLUTE
    ../clib/microlib/printf/printf.c         0x00000000   Number         0  printfa.o ABSOLUTE
    ../clib/microlib/printf/printf.c         0x00000000   Number         0  printf4.o ABSOLUTE
    ../clib/microlib/printf/printf.c         0x00000000   Number         0  printf8.o ABSOLUTE
    ../clib/microlib/printf/printf.c         0x00000000   Number         0  printf6.o ABSOLUTE
    ../clib/microlib/printf/printf.c         0x00000000   Number         0  printf7.o ABSOLUTE
    ../clib/microlib/printf/printf.c         0x00000000   Number         0  printf5.o ABSOLUTE
    ../clib/microlib/stdio/fputs.c           0x00000000   Number         0  fputs_e.o ABSOLUTE
    ../clib/microlib/stdio/fputs.c           0x00000000   Number         0  fputs.o ABSOLUTE
    ../clib/microlib/stdio/streams.c         0x00000000   Number         0  stdout.o ABSOLUTE
    ../clib/microlib/stdio/streams.c         0x00000000   Number         0  stderr.o ABSOLUTE
    ../clib/microlib/stubs.s                 0x00000000   Number         0  iusefp.o ABSOLUTE
    ../fplib/microlib/fpadd.c                0x00000000   Number         0  dadd.o ABSOLUTE
    ../fplib/microlib/fpdiv.c                0x00000000   Number         0  ddiv.o ABSOLUTE
    ../fplib/microlib/fpepilogue.c           0x00000000   Number         0  depilogue.o ABSOLUTE
    ../fplib/microlib/fpfix.c                0x00000000   Number         0  dfixul.o ABSOLUTE
    ../fplib/microlib/fpflt.c                0x00000000   Number         0  dflti.o ABSOLUTE
    ../fplib/microlib/fpmul.c                0x00000000   Number         0  dmul.o ABSOLUTE
    ..\HAL_CM.c                              0x00000000   Number         0  hal_cm.o ABSOLUTE
    ..\\rt_CMSIS.c                           0x00000000   Number         0  rt_cmsis.o ABSOLUTE
    ..\\rt_System.c                          0x00000000   Number         0  rt_system.o ABSOLUTE
    ..\rt_CMSIS.c                            0x00000000   Number         0  rt_cmsis.o ABSOLUTE
    ..\rt_Event.c                            0x00000000   Number         0  rt_event.o ABSOLUTE
    ..\rt_List.c                             0x00000000   Number         0  rt_list.o ABSOLUTE
    ..\rt_Mailbox.c                          0x00000000   Number         0  rt_mailbox.o ABSOLUTE
    ..\rt_MemBox.c                           0x00000000   Number         0  rt_membox.o ABSOLUTE
    ..\rt_Memory.c                           0x00000000   Number         0  rt_memory.o ABSOLUTE
    ..\rt_Mutex.c                            0x00000000   Number         0  rt_mutex.o ABSOLUTE
    ..\rt_Robin.c                            0x00000000   Number         0  rt_robin.o ABSOLUTE
    ..\rt_Semaphore.c                        0x00000000   Number         0  rt_semaphore.o ABSOLUTE
    ..\rt_System.c                           0x00000000   Number         0  rt_system.o ABSOLUTE
    ..\rt_Task.c                             0x00000000   Number         0  rt_task.o ABSOLUTE
    ..\rt_Time.c                             0x00000000   Number         0  rt_time.o ABSOLUTE
    C:\Users\Nihar\AppData\Local\Arm\Packs\Keil\ARM_Compiler\1.6.3\Source\retarget_io.c 0x00000000   Number         0  retarget_io.o ABSOLUTE
    C:\Users\Nihar\AppData\Local\Arm\Packs\Keil\LPC1700_DFP\2.6.0\Boards\Keil\MCB1700\Common\ADC_MCB1700.c 0x00000000   Number         0  adc_mcb1700.o ABSOLUTE
    C:\Users\Nihar\AppData\Local\Arm\Packs\Keil\LPC1700_DFP\2.6.0\Boards\Keil\MCB1700\Common\Joystick_MCB1700.c 0x00000000   Number         0  joystick_mcb1700.o ABSOLUTE
    C:\Users\Nihar\AppData\Local\Arm\Packs\Keil\LPC1700_DFP\2.6.0\Boards\Keil\MCB1700\Common\LED_MCB1700.c 0x00000000   Number         0  led_mcb1700.o ABSOLUTE
    C:\Users\Nihar\AppData\Local\Arm\Packs\Keil\LPC1700_DFP\2.6.0\RTE_Driver\GPIO_LPC17xx.c 0x00000000   Number         0  gpio_lpc17xx.o ABSOLUTE
    C:\Users\Nihar\AppData\Local\Arm\Packs\Keil\LPC1700_DFP\2.6.0\RTE_Driver\PIN_LPC17xx.c 0x00000000   Number         0  pin_lpc17xx.o ABSOLUTE
    C:\\Users\\Nihar\\AppData\\Local\\Arm\\Packs\\Keil\\LPC1700_DFP\\2.6.0\\Boards\\Keil\\MCB1700\\Common\\ADC_MCB1700.c 0x00000000   Number         0  adc_mcb1700.o ABSOLUTE
    C:\\Users\\Nihar\\AppData\\Local\\Arm\\Packs\\Keil\\LPC1700_DFP\\2.6.0\\Boards\\Keil\\MCB1700\\Common\\Joystick_MCB1700.c 0x00000000   Number         0  joystick_mcb1700.o ABSOLUTE
    C:\\Users\\Nihar\\AppData\\Local\\Arm\\Packs\\Keil\\LPC1700_DFP\\2.6.0\\Boards\\Keil\\MCB1700\\Common\\LED_MCB1700.c 0x00000000   Number         0  led_mcb1700.o ABSOLUTE
    C:\\Users\\Nihar\\AppData\\Local\\Arm\\Packs\\Keil\\LPC1700_DFP\\2.6.0\\RTE_Driver\\GPIO_LPC17xx.c 0x00000000   Number         0  gpio_lpc17xx.o ABSOLUTE
    C:\\Users\\Nihar\\AppData\\Local\\Arm\\Packs\\Keil\\LPC1700_DFP\\2.6.0\\RTE_Driver\\PIN_LPC17xx.c 0x00000000   Number         0  pin_lpc17xx.o ABSOLUTE
    HAL_CM3.c                                0x00000000   Number         0  hal_cm3.o ABSOLUTE
    HAL_CM3.c                                0x00000000   Number         0  hal_cm3.o ABSOLUTE
    RTE\CMSIS\RTX_Conf_CM.c                  0x00000000   Number         0  rtx_conf_cm.o ABSOLUTE
    RTE\Device\LPC1768\startup_LPC17xx.s     0x00000000   Number         0  startup_lpc17xx.o ABSOLUTE
    RTE\Device\LPC1768\system_LPC17xx.c      0x00000000   Number         0  system_lpc17xx.o ABSOLUTE
    RTE\\Device\\LPC1768\\system_LPC17xx.c   0x00000000   Number         0  system_lpc17xx.o ABSOLUTE
    SVC_Table.s                              0x00000000   Number         0  svc_table.o ABSOLUTE
    cdrcmple.s                               0x00000000   Number         0  cdrcmple.o ABSOLUTE
    dc.s                                     0x00000000   Number         0  dc.o ABSOLUTE
    handlers.s                               0x00000000   Number         0  handlers.o ABSOLUTE
    init.s                                   0x00000000   Number         0  init.o ABSOLUTE
    main.c                                   0x00000000   Number         0  main.o ABSOLUTE
    main.c                                   0x00000000   Number         0  main.o ABSOLUTE
    .ARM.Collect$$$$00000000                 0x000000cc   Section        0  entry.o(.ARM.Collect$$$$00000000)
    .ARM.Collect$$$$00000001                 0x000000cc   Section        4  entry2.o(.ARM.Collect$$$$00000001)
    .ARM.Collect$$$$00000004                 0x000000d0   Section        4  entry5.o(.ARM.Collect$$$$00000004)
    .ARM.Collect$$$$00000008                 0x000000d4   Section        0  entry7b.o(.ARM.Collect$$$$00000008)
    .ARM.Collect$$$$0000000A                 0x000000d4   Section        0  entry8b.o(.ARM.Collect$$$$0000000A)
    .ARM.Collect$$$$0000000D                 0x000000d4   Section        0  entry10a.o(.ARM.Collect$$$$0000000D)
    .ARM.Collect$$$$0000000F                 0x000000d4   Section        0  entry11a.o(.ARM.Collect$$$$0000000F)
    .ARM.Collect$$$$000000FF                 0x000000d4   Section        0  rtx_conf_cm.o(.ARM.Collect$$$$000000FF)
    .ARM.Collect$$$$00002712                 0x000000ec   Section        4  entry2.o(.ARM.Collect$$$$00002712)
    __lit__00000000                          0x000000ec   Data           4  entry2.o(.ARM.Collect$$$$00002712)
    .emb_text                                0x000000f0   Section      304  hal_cm3.o(.emb_text)
    .text                                    0x00000220   Section       36  startup_lpc17xx.o(.text)
    .text                                    0x00000244   Section        0  uldiv.o(.text)
    .text                                    0x000002a6   Section        0  dflti.o(.text)
    .text                                    0x000002c8   Section        0  llshl.o(.text)
    .text                                    0x000002e6   Section        0  iusefp.o(.text)
    SVC_TABLE                                0x000002e8   Section        4  svc_table.o(SVC_TABLE)
    i.Resource_1                             0x000002ec   Section        0  main.o(i.Resource_1)
    .ARM.__at_0x02FC                         0x000002fc   Section        4  startup_lpc17xx.o(.ARM.__at_0x02FC)
    .text                                    0x00000300   Section        0  dadd.o(.text)
    .text                                    0x0000044e   Section        0  ddiv.o(.text)
    .text                                    0x0000052c   Section        0  llushr.o(.text)
    .text                                    0x0000054c   Section        0  llsshr.o(.text)
    .text                                    0x00000570   Section        0  depilogue.o(.text)
    .text                                    0x0000062c   Section       36  init.o(.text)
    i.ADC_IRQHandler                         0x00000650   Section        0  adc_mcb1700.o(i.ADC_IRQHandler)
    i.ADC_Initialize                         0x00000670   Section        0  adc_mcb1700.o(i.ADC_Initialize)
    i.GPIO_PinRead                           0x000006b0   Section        0  gpio_lpc17xx.o(i.GPIO_PinRead)
    i.GPIO_PinWrite                          0x000006cc   Section        0  gpio_lpc17xx.o(i.GPIO_PinWrite)
    i.GPIO_PortClock                         0x000006e8   Section        0  gpio_lpc17xx.o(i.GPIO_PortClock)
    i.GPIO_SetDir                            0x0000070c   Section        0  gpio_lpc17xx.o(i.GPIO_SetDir)
    i.ITM_SendChar                           0x00000730   Section        0  retarget_io.o(i.ITM_SendChar)
    i.Joystick_GetState                      0x00000754   Section        0  joystick_mcb1700.o(i.Joystick_GetState)
    i.Joystick_Initialize                    0x000007a0   Section        0  joystick_mcb1700.o(i.Joystick_Initialize)
    i.LED_Initialize                         0x000007dc   Section        0  led_mcb1700.o(i.LED_Initialize)
    i.LED_Off                                0x00000824   Section        0  led_mcb1700.o(i.LED_Off)
    i.LED_On                                 0x0000084c   Section        0  led_mcb1700.o(i.LED_On)
    i.PIN_Configure                          0x00000874   Section        0  pin_lpc17xx.o(i.PIN_Configure)
    i.Resource_2                             0x000008e4   Section        0  main.o(i.Resource_2)
    i.SystemCoreClockUpdate                  0x000008f4   Section        0  system_lpc17xx.o(i.SystemCoreClockUpdate)
    i.SystemInit                             0x00000a14   Section        0  system_lpc17xx.o(i.SystemInit)
    i.TaskA_mut                              0x00000acc   Section        0  main.o(i.TaskA_mut)
    i.TaskA_rsm                              0x00000b00   Section        0  main.o(i.TaskA_rsm)
    i.TaskA_sem                              0x00000b4c   Section        0  main.o(i.TaskA_sem)
    i.TaskB_mut                              0x00000b80   Section        0  main.o(i.TaskB_mut)
    i.TaskB_rsm                              0x00000b82   Section        0  main.o(i.TaskB_rsm)
    i.TaskB_sem                              0x00000b84   Section        0  main.o(i.TaskB_sem)
    i.TaskC_mut                              0x00000b88   Section        0  main.o(i.TaskC_mut)
    i.TaskC_rsm                              0x00000ba8   Section        0  main.o(i.TaskC_rsm)
    i.TaskC_sem                              0x00000bd0   Section        0  main.o(i.TaskC_sem)
    i.Thread_1                               0x00000bf0   Section        0  main.o(i.Thread_1)
    i.Thread_2                               0x00000c44   Section        0  main.o(i.Thread_2)
    i.Thread_3                               0x00000cac   Section        0  main.o(i.Thread_3)
    i.__0printf$bare                         0x00000cec   Section        0  printfb.o(i.__0printf$bare)
    i.__scatterload_copy                     0x00000cfc   Section       14  handlers.o(i.__scatterload_copy)
    i.__scatterload_null                     0x00000d0a   Section        2  handlers.o(i.__scatterload_null)
    i.__scatterload_zeroinit                 0x00000d0c   Section       14  handlers.o(i.__scatterload_zeroinit)
    i._init_box                              0x00000d1a   Section        0  rt_membox.o(i._init_box)
    i._printf_core                           0x00000d60   Section        0  printfb.o(i._printf_core)
    _printf_core                             0x00000d61   Thumb Code    34  printfb.o(i._printf_core)
    i.dbg_init                               0x00000d84   Section        0  hal_cm.o(i.dbg_init)
    i.dbg_task_notify                        0x00000db4   Section        0  hal_cm.o(i.dbg_task_notify)
    i.dbg_task_switch                        0x00000dd4   Section        0  hal_cm.o(i.dbg_task_switch)
    i.delay                                  0x00000de4   Section        0  main.o(i.delay)
    i.fputc                                  0x00000df4   Section        0  retarget_io.o(i.fputc)
    i.isrMessageGet                          0x00000e08   Section        0  rt_cmsis.o(i.isrMessageGet)
    i.isrMessagePut                          0x00000e32   Section        0  rt_cmsis.o(i.isrMessagePut)
    i.isrSemaphoreRelease                    0x00000e5e   Section        0  rt_cmsis.o(i.isrSemaphoreRelease)
    i.isrSignalSet                           0x00000e86   Section        0  rt_cmsis.o(i.isrSignalSet)
    i.isr_evt_set                            0x00000eac   Section        0  rt_event.o(i.isr_evt_set)
    i.isr_mbx_receive                        0x00000ed4   Section        0  rt_mailbox.o(i.isr_mbx_receive)
    i.isr_mbx_send                           0x00000f2a   Section        0  rt_mailbox.o(i.isr_mbx_send)
    i.isr_sem_send                           0x00000f38   Section        0  rt_semaphore.o(i.isr_sem_send)
    i.main                                   0x00000f48   Section        0  main.o(i.main)
    i.osDelay                                0x00001270   Section        0  rt_cmsis.o(i.osDelay)
    i.osKernelInitialize                     0x00001288   Section        0  rt_cmsis.o(i.osKernelInitialize)
    i.osKernelStart                          0x000012ac   Section        0  rt_cmsis.o(i.osKernelStart)
    i.osMessageGet                           0x00001318   Section        0  rt_cmsis.o(i.osMessageGet)
    i.osMutexCreate                          0x00001330   Section        0  rt_cmsis.o(i.osMutexCreate)
    i.osMutexRelease                         0x0000135c   Section        0  rt_cmsis.o(i.osMutexRelease)
    i.osMutexWait                            0x00001374   Section        0  rt_cmsis.o(i.osMutexWait)
    i.osSemaphoreCreate                      0x0000138c   Section        0  rt_cmsis.o(i.osSemaphoreCreate)
    i.osSemaphoreRelease                     0x000013b8   Section        0  rt_cmsis.o(i.osSemaphoreRelease)
    i.osSemaphoreWait                        0x000013d0   Section        0  rt_cmsis.o(i.osSemaphoreWait)
    i.osSignalSet                            0x000013e8   Section        0  rt_cmsis.o(i.osSignalSet)
    i.osSignalWait                           0x00001400   Section        0  rt_cmsis.o(i.osSignalWait)
    i.osThreadCreate                         0x00001418   Section        0  rt_cmsis.o(i.osThreadCreate)
    i.osThreadExit                           0x00001444   Section        0  rt_cmsis.o(i.osThreadExit)
    i.osThreadGetId                          0x0000145c   Section        0  rt_cmsis.o(i.osThreadGetId)
    i.osThreadSetPriority                    0x00001474   Section        0  rt_cmsis.o(i.osThreadSetPriority)
    i.osThreadTerminate                      0x0000148c   Section        0  rt_cmsis.o(i.osThreadTerminate)
    i.osTimerCall                            0x000014a4   Section        0  rt_cmsis.o(i.osTimerCall)
    i.osTimerThread                          0x000014b0   Section        0  rt_cmsis.o(i.osTimerThread)
    i.os_error                               0x000014dc   Section        0  rtx_conf_cm.o(i.os_error)
    i.os_idle_demon                          0x000014de   Section        0  rtx_conf_cm.o(i.os_idle_demon)
    i.os_tick_init                           0x000014e0   Section        0  rt_system.o(i.os_tick_init)
    i.os_tick_irqack                         0x00001508   Section        0  rt_system.o(i.os_tick_irqack)
    i.rt_alloc_box                           0x0000150a   Section        0  rt_membox.o(i.rt_alloc_box)
    i.rt_alloc_mem                           0x00001524   Section        0  rt_memory.o(i.rt_alloc_mem)
    i.rt_block                               0x00001564   Section        0  rt_task.o(i.rt_block)
    i.rt_chk_robin                           0x0000159c   Section        0  rtx_conf_cm.o(i.rt_chk_robin)
    i.rt_dec_dly                             0x000015a0   Section        0  rt_list.o(i.rt_dec_dly)
    i.rt_dispatch                            0x00001610   Section        0  rt_task.o(i.rt_dispatch)
    i.rt_dly_wait                            0x00001654   Section        0  rt_time.o(i.rt_dly_wait)
    i.rt_evt_psh                             0x0000165c   Section        0  rt_event.o(i.rt_evt_psh)
    i.rt_evt_set                             0x000016ac   Section        0  rt_event.o(i.rt_evt_set)
    i.rt_evt_wait                            0x00001708   Section        0  rt_event.o(i.rt_evt_wait)
    i.rt_free_box                            0x00001744   Section        0  rt_membox.o(i.rt_free_box)
    i.rt_free_mem                            0x00001770   Section        0  rt_memory.o(i.rt_free_mem)
    i.rt_get_first                           0x00001798   Section        0  rt_list.o(i.rt_get_first)
    i.rt_id2obj                              0x000017c0   Section        0  rt_cmsis.o(i.rt_id2obj)
    rt_id2obj                                0x000017c1   Thumb Code     8  rt_cmsis.o(i.rt_id2obj)
    i.rt_init_context                        0x000017c8   Section        0  rt_task.o(i.rt_init_context)
    rt_init_context                          0x000017c9   Thumb Code    66  rt_task.o(i.rt_init_context)
    i.rt_init_mem                            0x00001810   Section        0  rt_memory.o(i.rt_init_mem)
    i.rt_init_robin                          0x0000182a   Section        0  rtx_conf_cm.o(i.rt_init_robin)
    i.rt_init_stack                          0x0000182c   Section        0  hal_cm.o(i.rt_init_stack)
    i.rt_mbx_check                           0x000018ac   Section        0  rt_mailbox.o(i.rt_mbx_check)
    i.rt_mbx_init                            0x000018b4   Section        0  rt_mailbox.o(i.rt_mbx_init)
    i.rt_mbx_psh                             0x000018d0   Section        0  rt_mailbox.o(i.rt_mbx_psh)
    i.rt_mbx_wait                            0x000019c0   Section        0  rt_mailbox.o(i.rt_mbx_wait)
    i.rt_ms2tick                             0x00001a74   Section        0  rt_cmsis.o(i.rt_ms2tick)
    rt_ms2tick                               0x00001a75   Thumb Code    58  rt_cmsis.o(i.rt_ms2tick)
    i.rt_mut_init                            0x00001ab8   Section        0  rt_mutex.o(i.rt_mut_init)
    i.rt_mut_release                         0x00001ac8   Section        0  rt_mutex.o(i.rt_mut_release)
    i.rt_mut_wait                            0x00001ba0   Section        0  rt_mutex.o(i.rt_mut_wait)
    i.rt_pop_req                             0x00001c18   Section        0  rt_system.o(i.rt_pop_req)
    i.rt_psh_req                             0x00001c94   Section        0  rt_system.o(i.rt_psh_req)
    i.rt_psq_enq                             0x00001cb4   Section        0  rt_list.o(i.rt_psq_enq)
    i.rt_put_dly                             0x00001d10   Section        0  rt_list.o(i.rt_put_dly)
    i.rt_put_prio                            0x00001d58   Section        0  rt_list.o(i.rt_put_prio)
    i.rt_put_rdy_first                       0x00001d90   Section        0  rt_list.o(i.rt_put_rdy_first)
    i.rt_resort_prio                         0x00001da4   Section        0  rt_list.o(i.rt_resort_prio)
    i.rt_ret_val                             0x00001dd8   Section        0  hal_cm.o(i.rt_ret_val)
    i.rt_ret_val2                            0x00001dde   Section        0  hal_cm.o(i.rt_ret_val2)
    i.rt_rmv_dly                             0x00001de6   Section        0  rt_list.o(i.rt_rmv_dly)
    i.rt_rmv_list                            0x00001e10   Section        0  rt_list.o(i.rt_rmv_list)
    i.rt_sem_init                            0x00001e40   Section        0  rt_semaphore.o(i.rt_sem_init)
    i.rt_sem_psh                             0x00001e4c   Section        0  rt_semaphore.o(i.rt_sem_psh)
    i.rt_sem_send                            0x00001e80   Section        0  rt_semaphore.o(i.rt_sem_send)
    i.rt_sem_wait                            0x00001eac   Section        0  rt_semaphore.o(i.rt_sem_wait)
    i.rt_stk_check                           0x00001eec   Section        0  rt_system.o(i.rt_stk_check)
    i.rt_switch_req                          0x00001f10   Section        0  rt_task.o(i.rt_switch_req)
    i.rt_sys_init                            0x00001f38   Section        0  rt_task.o(i.rt_sys_init)
    i.rt_sys_start                           0x00002004   Section        0  rt_task.o(i.rt_sys_start)
    i.rt_systick                             0x0000207c   Section        0  rt_system.o(i.rt_systick)
    i.rt_tid2ptcb                            0x000020bc   Section        0  rt_cmsis.o(i.rt_tid2ptcb)
    rt_tid2ptcb                              0x000020bd   Thumb Code    18  rt_cmsis.o(i.rt_tid2ptcb)
    i.rt_timer_insert                        0x000020d0   Section        0  rt_cmsis.o(i.rt_timer_insert)
    rt_timer_insert                          0x000020d1   Thumb Code    48  rt_cmsis.o(i.rt_timer_insert)
    i.rt_tsk_create                          0x00002104   Section        0  rt_task.o(i.rt_tsk_create)
    i.rt_tsk_delete                          0x0000218c   Section        0  rt_task.o(i.rt_tsk_delete)
    i.rt_tsk_prio                            0x00002308   Section        0  rt_task.o(i.rt_tsk_prio)
    i.rt_tsk_self                            0x00002384   Section        0  rt_task.o(i.rt_tsk_self)
    i.semRelease                             0x00002394   Section        0  main.o(i.semRelease)
    i.semWait                                0x000023b4   Section        0  main.o(i.semWait)
    i.stdout_putchar                         0x000023d4   Section        0  retarget_io.o(i.stdout_putchar)
    stdout_putchar                           0x000023d5   Thumb Code     4  retarget_io.o(i.stdout_putchar)
    i.svcDelay                               0x000023d8   Section        0  rt_cmsis.o(i.svcDelay)
    i.svcKernelInitialize                    0x000023ec   Section        0  rt_cmsis.o(i.svcKernelInitialize)
    i.svcKernelStart                         0x0000245c   Section        0  rt_cmsis.o(i.svcKernelStart)
    i.svcMessageCreate                       0x000024a4   Section        0  rt_cmsis.o(i.svcMessageCreate)
    i.svcMessageGet                          0x000024c8   Section        0  rt_cmsis.o(i.svcMessageGet)
    i.svcMutexCreate                         0x00002502   Section        0  rt_cmsis.o(i.svcMutexCreate)
    i.svcMutexRelease                        0x0000251e   Section        0  rt_cmsis.o(i.svcMutexRelease)
    i.svcMutexWait                           0x00002540   Section        0  rt_cmsis.o(i.svcMutexWait)
    i.svcSemaphoreCreate                     0x0000257a   Section        0  rt_cmsis.o(i.svcSemaphoreCreate)
    i.svcSemaphoreRelease                    0x0000259e   Section        0  rt_cmsis.o(i.svcSemaphoreRelease)
    i.svcSemaphoreWait                       0x000025c6   Section        0  rt_cmsis.o(i.svcSemaphoreWait)
    i.svcSignalSet                           0x000025f8   Section        0  rt_cmsis.o(i.svcSignalSet)
    i.svcSignalWait                          0x0000261c   Section        0  rt_cmsis.o(i.svcSignalWait)
    i.svcThreadCreate                        0x00002670   Section        0  rt_cmsis.o(i.svcThreadCreate)
    i.svcThreadGetId                         0x000026dc   Section        0  rt_cmsis.o(i.svcThreadGetId)
    i.svcThreadSetPriority                   0x000026f8   Section        0  rt_cmsis.o(i.svcThreadSetPriority)
    i.svcThreadTerminate                     0x00002728   Section        0  rt_cmsis.o(i.svcThreadTerminate)
    i.svcTimerCall                           0x00002760   Section        0  rt_cmsis.o(i.svcTimerCall)
    i.sysTimerTick                           0x00002778   Section        0  rt_cmsis.o(i.sysTimerTick)
    .constdata                               0x000027d4   Section      200  main.o(.constdata)
    .constdata                               0x0000289c   Section       10  joystick_mcb1700.o(.constdata)
    JOYSTICK_PIN                             0x0000289c   Data          10  joystick_mcb1700.o(.constdata)
    .constdata                               0x000028a6   Section       16  led_mcb1700.o(.constdata)
    LED_PIN                                  0x000028a6   Data          16  led_mcb1700.o(.constdata)
    .constdata                               0x000028b6   Section        2  rtx_conf_cm.o(.constdata)
    .constdata                               0x000028b8   Section        4  rtx_conf_cm.o(.constdata)
    .constdata                               0x000028bc   Section        4  rtx_conf_cm.o(.constdata)
    .constdata                               0x000028c0   Section        1  rtx_conf_cm.o(.constdata)
    .constdata                               0x000028c4   Section       32  rtx_conf_cm.o(.constdata)
    __tagsym$$used                           0x000028c4   Number         0  rtx_conf_cm.o(.constdata)
    __tagsym$$used                           0x000028c8   Number         0  rtx_conf_cm.o(.constdata)
    __tagsym$$used                           0x000028cc   Number         0  rtx_conf_cm.o(.constdata)
    __tagsym$$used                           0x000028d0   Number         0  rtx_conf_cm.o(.constdata)
    .constdata                               0x000028e4   Section        2  rtx_conf_cm.o(.constdata)
    .constdata                               0x000028e8   Section        4  rtx_conf_cm.o(.constdata)
    .constdata                               0x000028ec   Section        4  rtx_conf_cm.o(.constdata)
    .constdata                               0x000028f0   Section        1  rtx_conf_cm.o(.constdata)
    .constdata                               0x000028f4   Section       16  rtx_conf_cm.o(.constdata)
    .constdata                               0x00002904   Section        8  rtx_conf_cm.o(.constdata)
    .constdata                               0x0000290c   Section        2  rtx_conf_cm.o(.constdata)
    .data                                    0x10000000   Section        8  main.o(.data)
    .data                                    0x10000008   Section      104  main.o(.data)
    .data                                    0x10000070   Section        4  adc_mcb1700.o(.data)
    AD_done                                  0x10000070   Data           1  adc_mcb1700.o(.data)
    AD_last                                  0x10000072   Data           2  adc_mcb1700.o(.data)
    .data                                    0x10000074   Section        4  rtx_conf_cm.o(.data)
    .data                                    0x10000078   Section        4  rtx_conf_cm.o(.data)
    .data                                    0x1000007c   Section        4  rtx_conf_cm.o(.data)
    .data                                    0x10000080   Section        4  system_lpc17xx.o(.data)
    .data                                    0x10000084   Section        8  rt_cmsis.o(.data)
    .data                                    0x1000008c   Section        8  rt_task.o(.data)
    .data                                    0x10000094   Section        8  rt_system.o(.data)
    os_lock                                  0x10000094   Data           1  rt_system.o(.data)
    os_psh_flag                              0x10000095   Data           1  rt_system.o(.data)
    pend_flags                               0x10000096   Data           1  rt_system.o(.data)
    .data                                    0x1000009c   Section        4  rt_time.o(.data)
    .data                                    0x100000a0   Section        1  hal_cm.o(.data)
    .data                                    0x100000a4   Section        4  stdout.o(.data)
    .bss                                     0x100000a8   Section       16  main.o(.bss)
    .bss                                     0x100000b8   Section       32  rtx_conf_cm.o(.bss)
    .bss                                     0x100000d8   Section      376  rtx_conf_cm.o(.bss)
    .bss                                     0x10000250   Section    24592  rtx_conf_cm.o(.bss)
    .bss                                     0x10006260   Section      432  rtx_conf_cm.o(.bss)
    .bss                                     0x10006410   Section      132  rtx_conf_cm.o(.bss)
    .bss                                     0x10006494   Section       28  rtx_conf_cm.o(.bss)
    .bss                                     0x100064b0   Section       52  rt_task.o(.bss)
    .bss                                     0x100064e4   Section       48  rt_list.o(.bss)
    STACK                                    0x10006518   Section      512  startup_lpc17xx.o(STACK)

    Global Symbols

    Symbol Name                              Value     Ov Type        Size  Object(Section)

    BuildAttributes$$THM_ISAv4$P$D$K$B$S$PE$A:L22UL41UL21$X:L11$S22US41US21$IEEE1$IW$USESV6$~STKCKD$USESV7$~SHL$OSPACE$ROPI$EBA8$MICROLIB$REQ8$PRES8$EABIv2 0x00000000   Number         0  anon$$obj.o ABSOLUTE
    __ARM_use_no_argv                        0x00000000   Number         0  main.o ABSOLUTE
    __Vectors                                0x00000000   Data           4  startup_lpc17xx.o(RESET)
    __cpp_initialize__aeabi_                  - Undefined Weak Reference
    __cxa_finalize                            - Undefined Weak Reference
    __decompress                              - Undefined Weak Reference
    _clock_init                               - Undefined Weak Reference
    _microlib_exit                            - Undefined Weak Reference
    __main                                   0x000000cd   Thumb Code     0  entry.o(.ARM.Collect$$$$00000000)
    _main_stk                                0x000000cd   Thumb Code     0  entry2.o(.ARM.Collect$$$$00000001)
    _main_scatterload                        0x000000d1   Thumb Code     0  entry5.o(.ARM.Collect$$$$00000004)
    __main_after_scatterload                 0x000000d5   Thumb Code     0  entry5.o(.ARM.Collect$$$$00000004)
    __rt_final_cpp                           0x000000d5   Thumb Code     0  entry10a.o(.ARM.Collect$$$$0000000D)
    __rt_final_exit                          0x000000d5   Thumb Code     0  entry11a.o(.ARM.Collect$$$$0000000F)
    _main_clock                              0x000000d5   Thumb Code     0  entry7b.o(.ARM.Collect$$$$00000008)
    _main_cpp_init                           0x000000d5   Thumb Code     0  entry8b.o(.ARM.Collect$$$$0000000A)
    _main_init                               0x000000d5   Thumb Code    18  rtx_conf_cm.o(.ARM.Collect$$$$000000FF)
    rt_set_PSP                               0x000000f1   Thumb Code     6  hal_cm3.o(.emb_text)
    rt_get_PSP                               0x000000f7   Thumb Code     6  hal_cm3.o(.emb_text)
    os_set_env                               0x000000fd   Thumb Code    24  hal_cm3.o(.emb_text)
    _alloc_box                               0x00000119   Thumb Code    28  hal_cm3.o(.emb_text)
    _free_box                                0x00000139   Thumb Code    28  hal_cm3.o(.emb_text)
    SVC_Handler                              0x00000159   Thumb Code   108  hal_cm3.o(.emb_text)
    PendSV_Handler                           0x000001d1   Thumb Code    56  hal_cm3.o(.emb_text)
    SysTick_Handler                          0x0000020d   Thumb Code     8  hal_cm3.o(.emb_text)
    OS_Tick_Handler                          0x00000215   Thumb Code    12  hal_cm3.o(.emb_text)
    Reset_Handler                            0x00000221   Thumb Code     8  startup_lpc17xx.o(.text)
    NMI_Handler                              0x00000229   Thumb Code     2  startup_lpc17xx.o(.text)
    HardFault_Handler                        0x0000022b   Thumb Code     2  startup_lpc17xx.o(.text)
    MemManage_Handler                        0x0000022d   Thumb Code     2  startup_lpc17xx.o(.text)
    BusFault_Handler                         0x0000022f   Thumb Code     2  startup_lpc17xx.o(.text)
    UsageFault_Handler                       0x00000231   Thumb Code     2  startup_lpc17xx.o(.text)
    DebugMon_Handler                         0x00000235   Thumb Code     2  startup_lpc17xx.o(.text)
    BOD_IRQHandler                           0x0000023b   Thumb Code     0  startup_lpc17xx.o(.text)
    CANActivity_IRQHandler                   0x0000023b   Thumb Code     0  startup_lpc17xx.o(.text)
    CAN_IRQHandler                           0x0000023b   Thumb Code     0  startup_lpc17xx.o(.text)
    DMA_IRQHandler                           0x0000023b   Thumb Code     0  startup_lpc17xx.o(.text)
    EINT0_IRQHandler                         0x0000023b   Thumb Code     0  startup_lpc17xx.o(.text)
    EINT1_IRQHandler                         0x0000023b   Thumb Code     0  startup_lpc17xx.o(.text)
    EINT2_IRQHandler                         0x0000023b   Thumb Code     0  startup_lpc17xx.o(.text)
    EINT3_IRQHandler                         0x0000023b   Thumb Code     0  startup_lpc17xx.o(.text)
    ENET_IRQHandler                          0x0000023b   Thumb Code     0  startup_lpc17xx.o(.text)
    I2C0_IRQHandler                          0x0000023b   Thumb Code     0  startup_lpc17xx.o(.text)
    I2C1_IRQHandler                          0x0000023b   Thumb Code     0  startup_lpc17xx.o(.text)
    I2C2_IRQHandler                          0x0000023b   Thumb Code     0  startup_lpc17xx.o(.text)
    I2S_IRQHandler                           0x0000023b   Thumb Code     0  startup_lpc17xx.o(.text)
    MCPWM_IRQHandler                         0x0000023b   Thumb Code     0  startup_lpc17xx.o(.text)
    PLL0_IRQHandler                          0x0000023b   Thumb Code     0  startup_lpc17xx.o(.text)
    PLL1_IRQHandler                          0x0000023b   Thumb Code     0  startup_lpc17xx.o(.text)
    PWM1_IRQHandler                          0x0000023b   Thumb Code     0  startup_lpc17xx.o(.text)
    QEI_IRQHandler                           0x0000023b   Thumb Code     0  startup_lpc17xx.o(.text)
    RIT_IRQHandler                           0x0000023b   Thumb Code     0  startup_lpc17xx.o(.text)
    RTC_IRQHandler                           0x0000023b   Thumb Code     0  startup_lpc17xx.o(.text)
    SPI_IRQHandler                           0x0000023b   Thumb Code     0  startup_lpc17xx.o(.text)
    SSP0_IRQHandler                          0x0000023b   Thumb Code     0  startup_lpc17xx.o(.text)
    SSP1_IRQHandler                          0x0000023b   Thumb Code     0  startup_lpc17xx.o(.text)
    TIMER0_IRQHandler                        0x0000023b   Thumb Code     0  startup_lpc17xx.o(.text)
    TIMER1_IRQHandler                        0x0000023b   Thumb Code     0  startup_lpc17xx.o(.text)
    TIMER2_IRQHandler                        0x0000023b   Thumb Code     0  startup_lpc17xx.o(.text)
    TIMER3_IRQHandler                        0x0000023b   Thumb Code     0  startup_lpc17xx.o(.text)
    UART0_IRQHandler                         0x0000023b   Thumb Code     0  startup_lpc17xx.o(.text)
    UART1_IRQHandler                         0x0000023b   Thumb Code     0  startup_lpc17xx.o(.text)
    UART2_IRQHandler                         0x0000023b   Thumb Code     0  startup_lpc17xx.o(.text)
    UART3_IRQHandler                         0x0000023b   Thumb Code     0  startup_lpc17xx.o(.text)
    USBActivity_IRQHandler                   0x0000023b   Thumb Code     0  startup_lpc17xx.o(.text)
    USB_IRQHandler                           0x0000023b   Thumb Code     0  startup_lpc17xx.o(.text)
    WDT_IRQHandler                           0x0000023b   Thumb Code     0  startup_lpc17xx.o(.text)
    __aeabi_uldivmod                         0x00000245   Thumb Code    98  uldiv.o(.text)
    __aeabi_i2d                              0x000002a7   Thumb Code    34  dflti.o(.text)
    __aeabi_llsl                             0x000002c9   Thumb Code    30  llshl.o(.text)
    _ll_shift_l                              0x000002c9   Thumb Code     0  llshl.o(.text)
    __I$use$fp                               0x000002e7   Thumb Code     0  iusefp.o(.text)
    SVC_Count                                0x000002e8   Data           4  svc_table.o(SVC_TABLE)
    Resource_1                               0x000002ed   Thumb Code    12  main.o(i.Resource_1)
    SVC_Table                                0x000002ec   Data           0  svc_table.o(SVC_TABLE)
    __aeabi_dadd                             0x00000301   Thumb Code   322  dadd.o(.text)
    __aeabi_dsub                             0x00000443   Thumb Code     6  dadd.o(.text)
    __aeabi_drsub                            0x00000449   Thumb Code     6  dadd.o(.text)
    __aeabi_ddiv                             0x0000044f   Thumb Code   222  ddiv.o(.text)
    __RL_RTX_VER                             0x00000482   Number         0  rt_system.o ABSOLUTE
    __aeabi_llsr                             0x0000052d   Thumb Code    32  llushr.o(.text)
    _ll_ushift_r                             0x0000052d   Thumb Code     0  llushr.o(.text)
    __aeabi_lasr                             0x0000054d   Thumb Code    36  llsshr.o(.text)
    _ll_sshift_r                             0x0000054d   Thumb Code     0  llsshr.o(.text)
    _double_round                            0x00000571   Thumb Code    30  depilogue.o(.text)
    _double_epilogue                         0x0000058f   Thumb Code   156  depilogue.o(.text)
    __scatterload                            0x0000062d   Thumb Code    28  init.o(.text)
    __scatterload_rt2                        0x0000062d   Thumb Code     0  init.o(.text)
    ADC_IRQHandler                           0x00000651   Thumb Code    24  adc_mcb1700.o(i.ADC_IRQHandler)
    ADC_Initialize                           0x00000671   Thumb Code    50  adc_mcb1700.o(i.ADC_Initialize)
    GPIO_PinRead                             0x000006b1   Thumb Code    24  gpio_lpc17xx.o(i.GPIO_PinRead)
    GPIO_PinWrite                            0x000006cd   Thumb Code    22  gpio_lpc17xx.o(i.GPIO_PinWrite)
    GPIO_PortClock                           0x000006e9   Thumb Code    30  gpio_lpc17xx.o(i.GPIO_PortClock)
    GPIO_SetDir                              0x0000070d   Thumb Code    32  gpio_lpc17xx.o(i.GPIO_SetDir)
    ITM_SendChar                             0x00000731   Thumb Code    32  retarget_io.o(i.ITM_SendChar)
    Joystick_GetState                        0x00000755   Thumb Code    76  joystick_mcb1700.o(i.Joystick_GetState)
    Joystick_Initialize                      0x000007a1   Thumb Code    56  joystick_mcb1700.o(i.Joystick_Initialize)
    LED_Initialize                           0x000007dd   Thumb Code    68  led_mcb1700.o(i.LED_Initialize)
    LED_Off                                  0x00000825   Thumb Code    36  led_mcb1700.o(i.LED_Off)
    LED_On                                   0x0000084d   Thumb Code    36  led_mcb1700.o(i.LED_On)
    PIN_Configure                            0x00000875   Thumb Code   108  pin_lpc17xx.o(i.PIN_Configure)
    Resource_2                               0x000008e5   Thumb Code    12  main.o(i.Resource_2)
    SystemCoreClockUpdate                    0x000008f5   Thumb Code   262  system_lpc17xx.o(i.SystemCoreClockUpdate)
    SystemInit                               0x00000a15   Thumb Code   172  system_lpc17xx.o(i.SystemInit)
    TaskA_mut                                0x00000acd   Thumb Code    46  main.o(i.TaskA_mut)
    TaskA_rsm                                0x00000b01   Thumb Code    70  main.o(i.TaskA_rsm)
    TaskA_sem                                0x00000b4d   Thumb Code    46  main.o(i.TaskA_sem)
    TaskB_mut                                0x00000b81   Thumb Code     2  main.o(i.TaskB_mut)
    TaskB_rsm                                0x00000b83   Thumb Code     2  main.o(i.TaskB_rsm)
    TaskB_sem                                0x00000b85   Thumb Code     2  main.o(i.TaskB_sem)
    TaskC_mut                                0x00000b89   Thumb Code    26  main.o(i.TaskC_mut)
    TaskC_rsm                                0x00000ba9   Thumb Code    34  main.o(i.TaskC_rsm)
    TaskC_sem                                0x00000bd1   Thumb Code    26  main.o(i.TaskC_sem)
    Thread_1                                 0x00000bf1   Thumb Code    80  main.o(i.Thread_1)
    Thread_2                                 0x00000c45   Thumb Code    94  main.o(i.Thread_2)
    Thread_3                                 0x00000cad   Thumb Code    50  main.o(i.Thread_3)
    __0printf$bare                           0x00000ced   Thumb Code     8  printfb.o(i.__0printf$bare)
    __1printf$bare                           0x00000ced   Thumb Code     0  printfb.o(i.__0printf$bare)
    __2printf                                0x00000ced   Thumb Code     0  printfb.o(i.__0printf$bare)
    __scatterload_copy                       0x00000cfd   Thumb Code    14  handlers.o(i.__scatterload_copy)
    __scatterload_null                       0x00000d0b   Thumb Code     2  handlers.o(i.__scatterload_null)
    __scatterload_zeroinit                   0x00000d0d   Thumb Code    14  handlers.o(i.__scatterload_zeroinit)
    _init_box                                0x00000d1b   Thumb Code    70  rt_membox.o(i._init_box)
    dbg_init                                 0x00000d85   Thumb Code    34  hal_cm.o(i.dbg_init)
    dbg_task_notify                          0x00000db5   Thumb Code    32  hal_cm.o(i.dbg_task_notify)
    dbg_task_switch                          0x00000dd5   Thumb Code    16  hal_cm.o(i.dbg_task_switch)
    delay                                    0x00000de5   Thumb Code    12  main.o(i.delay)
    fputc                                    0x00000df5   Thumb Code    16  retarget_io.o(i.fputc)
    isrMessageGet                            0x00000e09   Thumb Code    42  rt_cmsis.o(i.isrMessageGet)
    isrMessagePut                            0x00000e33   Thumb Code    44  rt_cmsis.o(i.isrMessagePut)
    isrSemaphoreRelease                      0x00000e5f   Thumb Code    40  rt_cmsis.o(i.isrSemaphoreRelease)
    isrSignalSet                             0x00000e87   Thumb Code    36  rt_cmsis.o(i.isrSignalSet)
    isr_evt_set                              0x00000ead   Thumb Code    34  rt_event.o(i.isr_evt_set)
    isr_mbx_receive                          0x00000ed5   Thumb Code    86  rt_mailbox.o(i.isr_mbx_receive)
    isr_mbx_send                             0x00000f2b   Thumb Code    14  rt_mailbox.o(i.isr_mbx_send)
    isr_sem_send                             0x00000f39   Thumb Code    16  rt_semaphore.o(i.isr_sem_send)
    main                                     0x00000f49   Thumb Code   492  main.o(i.main)
    osDelay                                  0x00001271   Thumb Code    18  rt_cmsis.o(i.osDelay)
    osKernelInitialize                       0x00001289   Thumb Code    30  rt_cmsis.o(i.osKernelInitialize)
    osKernelStart                            0x000012ad   Thumb Code    98  rt_cmsis.o(i.osKernelStart)
    osMessageGet                             0x00001319   Thumb Code    18  rt_cmsis.o(i.osMessageGet)
    osMutexCreate                            0x00001331   Thumb Code    36  rt_cmsis.o(i.osMutexCreate)
    osMutexRelease                           0x0000135d   Thumb Code    18  rt_cmsis.o(i.osMutexRelease)
    osMutexWait                              0x00001375   Thumb Code    18  rt_cmsis.o(i.osMutexWait)
    osSemaphoreCreate                        0x0000138d   Thumb Code    36  rt_cmsis.o(i.osSemaphoreCreate)
    osSemaphoreRelease                       0x000013b9   Thumb Code    18  rt_cmsis.o(i.osSemaphoreRelease)
    osSemaphoreWait                          0x000013d1   Thumb Code    20  rt_cmsis.o(i.osSemaphoreWait)
    osSignalSet                              0x000013e9   Thumb Code    18  rt_cmsis.o(i.osSignalSet)
    osSignalWait                             0x00001401   Thumb Code    18  rt_cmsis.o(i.osSignalWait)
    osThreadCreate                           0x00001419   Thumb Code    36  rt_cmsis.o(i.osThreadCreate)
    osThreadExit                             0x00001445   Thumb Code    14  rt_cmsis.o(i.osThreadExit)
    osThreadGetId                            0x0000145d   Thumb Code    18  rt_cmsis.o(i.osThreadGetId)
    osThreadSetPriority                      0x00001475   Thumb Code    18  rt_cmsis.o(i.osThreadSetPriority)
    osThreadTerminate                        0x0000148d   Thumb Code    18  rt_cmsis.o(i.osThreadTerminate)
    osTimerCall                              0x000014a5   Thumb Code     8  rt_cmsis.o(i.osTimerCall)
    osTimerThread                            0x000014b1   Thumb Code    38  rt_cmsis.o(i.osTimerThread)
    os_error                                 0x000014dd   Thumb Code     2  rtx_conf_cm.o(i.os_error)
    os_idle_demon                            0x000014df   Thumb Code     2  rtx_conf_cm.o(i.os_idle_demon)
    os_tick_init                             0x000014e1   Thumb Code    32  rt_system.o(i.os_tick_init)
    os_tick_irqack                           0x00001509   Thumb Code     2  rt_system.o(i.os_tick_irqack)
    rt_alloc_box                             0x0000150b   Thumb Code    26  rt_membox.o(i.rt_alloc_box)
    rt_alloc_mem                             0x00001525   Thumb Code    62  rt_memory.o(i.rt_alloc_mem)
    rt_block                                 0x00001565   Thumb Code    48  rt_task.o(i.rt_block)
    rt_chk_robin                             0x0000159d   Thumb Code     2  rtx_conf_cm.o(i.rt_chk_robin)
    rt_dec_dly                               0x000015a1   Thumb Code   102  rt_list.o(i.rt_dec_dly)
    rt_dispatch                              0x00001611   Thumb Code    60  rt_task.o(i.rt_dispatch)
    rt_dly_wait                              0x00001655   Thumb Code     6  rt_time.o(i.rt_dly_wait)
    rt_evt_psh                               0x0000165d   Thumb Code    76  rt_event.o(i.rt_evt_psh)
    rt_evt_set                               0x000016ad   Thumb Code    88  rt_event.o(i.rt_evt_set)
    rt_evt_wait                              0x00001709   Thumb Code    56  rt_event.o(i.rt_evt_wait)
    rt_free_box                              0x00001745   Thumb Code    44  rt_membox.o(i.rt_free_box)
    rt_free_mem                              0x00001771   Thumb Code    40  rt_memory.o(i.rt_free_mem)
    rt_get_first                             0x00001799   Thumb Code    40  rt_list.o(i.rt_get_first)
    rt_init_mem                              0x00001811   Thumb Code    26  rt_memory.o(i.rt_init_mem)
    rt_init_robin                            0x0000182b   Thumb Code     2  rtx_conf_cm.o(i.rt_init_robin)
    rt_init_stack                            0x0000182d   Thumb Code   118  hal_cm.o(i.rt_init_stack)
    rt_mbx_check                             0x000018ad   Thumb Code     8  rt_mailbox.o(i.rt_mbx_check)
    rt_mbx_init                              0x000018b5   Thumb Code    26  rt_mailbox.o(i.rt_mbx_init)
    rt_mbx_psh                               0x000018d1   Thumb Code   236  rt_mailbox.o(i.rt_mbx_psh)
    rt_mbx_wait                              0x000019c1   Thumb Code   174  rt_mailbox.o(i.rt_mbx_wait)
    rt_mut_init                              0x00001ab9   Thumb Code    16  rt_mutex.o(i.rt_mut_init)
    rt_mut_release                           0x00001ac9   Thumb Code   208  rt_mutex.o(i.rt_mut_release)
    rt_mut_wait                              0x00001ba1   Thumb Code   114  rt_mutex.o(i.rt_mut_wait)
    rt_pop_req                               0x00001c19   Thumb Code   112  rt_system.o(i.rt_pop_req)
    rt_psh_req                               0x00001c95   Thumb Code    22  rt_system.o(i.rt_psh_req)
    rt_psq_enq                               0x00001cb5   Thumb Code    88  rt_list.o(i.rt_psq_enq)
    rt_put_dly                               0x00001d11   Thumb Code    68  rt_list.o(i.rt_put_dly)
    rt_put_prio                              0x00001d59   Thumb Code    54  rt_list.o(i.rt_put_prio)
    rt_put_rdy_first                         0x00001d91   Thumb Code    14  rt_list.o(i.rt_put_rdy_first)
    rt_resort_prio                           0x00001da5   Thumb Code    46  rt_list.o(i.rt_resort_prio)
    rt_ret_val                               0x00001dd9   Thumb Code     6  hal_cm.o(i.rt_ret_val)
    rt_ret_val2                              0x00001ddf   Thumb Code     8  hal_cm.o(i.rt_ret_val2)
    rt_rmv_dly                               0x00001de7   Thumb Code    40  rt_list.o(i.rt_rmv_dly)
    rt_rmv_list                              0x00001e11   Thumb Code    44  rt_list.o(i.rt_rmv_list)
    rt_sem_init                              0x00001e41   Thumb Code    12  rt_semaphore.o(i.rt_sem_init)
    rt_sem_psh                               0x00001e4d   Thumb Code    48  rt_semaphore.o(i.rt_sem_psh)
    rt_sem_send                              0x00001e81   Thumb Code    42  rt_semaphore.o(i.rt_sem_send)
    rt_sem_wait                              0x00001ead   Thumb Code    58  rt_semaphore.o(i.rt_sem_wait)
    rt_stk_check                             0x00001eed   Thumb Code    28  rt_system.o(i.rt_stk_check)
    rt_switch_req                            0x00001f11   Thumb Code    30  rt_task.o(i.rt_switch_req)
    rt_sys_init                              0x00001f39   Thumb Code   138  rt_task.o(i.rt_sys_init)
    rt_sys_start                             0x00002005   Thumb Code   110  rt_task.o(i.rt_sys_start)
    rt_systick                               0x0000207d   Thumb Code    50  rt_system.o(i.rt_systick)
    rt_tsk_create                            0x00002105   Thumb Code   118  rt_task.o(i.rt_tsk_create)
    rt_tsk_delete                            0x0000218d   Thumb Code   352  rt_task.o(i.rt_tsk_delete)
    rt_tsk_prio                              0x00002309   Thumb Code   108  rt_task.o(i.rt_tsk_prio)
    rt_tsk_self                              0x00002385   Thumb Code    12  rt_task.o(i.rt_tsk_self)
    semRelease                               0x00002395   Thumb Code    24  main.o(i.semRelease)
    semWait                                  0x000023b5   Thumb Code    24  main.o(i.semWait)
    svcDelay                                 0x000023d9   Thumb Code    18  rt_cmsis.o(i.svcDelay)
    svcKernelInitialize                      0x000023ed   Thumb Code    80  rt_cmsis.o(i.svcKernelInitialize)
    svcKernelStart                           0x0000245d   Thumb Code    62  rt_cmsis.o(i.svcKernelStart)
    svcMessageCreate                         0x000024a5   Thumb Code    36  rt_cmsis.o(i.svcMessageCreate)
    svcMessageGet                            0x000024c9   Thumb Code    58  rt_cmsis.o(i.svcMessageGet)
    svcMutexCreate                           0x00002503   Thumb Code    28  rt_cmsis.o(i.svcMutexCreate)
    svcMutexRelease                          0x0000251f   Thumb Code    34  rt_cmsis.o(i.svcMutexRelease)
    svcMutexWait                             0x00002541   Thumb Code    58  rt_cmsis.o(i.svcMutexWait)
    svcSemaphoreCreate                       0x0000257b   Thumb Code    36  rt_cmsis.o(i.svcSemaphoreCreate)
    svcSemaphoreRelease                      0x0000259f   Thumb Code    40  rt_cmsis.o(i.svcSemaphoreRelease)
    svcSemaphoreWait                         0x000025c7   Thumb Code    50  rt_cmsis.o(i.svcSemaphoreWait)
    svcSignalSet                             0x000025f9   Thumb Code    36  rt_cmsis.o(i.svcSignalSet)
    svcSignalWait                            0x0000261d   Thumb Code    80  rt_cmsis.o(i.svcSignalWait)
    svcThreadCreate                          0x00002671   Thumb Code    96  rt_cmsis.o(i.svcThreadCreate)
    svcThreadGetId                           0x000026dd   Thumb Code    22  rt_cmsis.o(i.svcThreadGetId)
    svcThreadSetPriority                     0x000026f9   Thumb Code    46  rt_cmsis.o(i.svcThreadSetPriority)
    svcThreadTerminate                       0x00002729   Thumb Code    50  rt_cmsis.o(i.svcThreadTerminate)
    svcTimerCall                             0x00002761   Thumb Code    24  rt_cmsis.o(i.svcTimerCall)
    sysTimerTick                             0x00002779   Thumb Code    84  rt_cmsis.o(i.sysTimerTick)
    os_mutex_def_t_mut                       0x000027d4   Data           4  main.o(.constdata)
    os_semaphore_def_t_sem                   0x000027d8   Data           4  main.o(.constdata)
    os_thread_def_TaskA_mut                  0x000027dc   Data          16  main.o(.constdata)
    os_thread_def_TaskB_mut                  0x000027ec   Data          16  main.o(.constdata)
    os_thread_def_TaskC_mut                  0x000027fc   Data          16  main.o(.constdata)
    os_thread_def_TaskA_sem                  0x0000280c   Data          16  main.o(.constdata)
    os_thread_def_TaskB_sem                  0x0000281c   Data          16  main.o(.constdata)
    os_thread_def_TaskC_sem                  0x0000282c   Data          16  main.o(.constdata)
    os_thread_def_TaskA_rsm                  0x0000283c   Data          16  main.o(.constdata)
    os_thread_def_TaskB_rsm                  0x0000284c   Data          16  main.o(.constdata)
    os_thread_def_TaskC_rsm                  0x0000285c   Data          16  main.o(.constdata)
    os_maxtaskrun                            0x000028b6   Data           2  rtx_conf_cm.o(.constdata)
    os_stackinfo                             0x000028b8   Data           4  rtx_conf_cm.o(.constdata)
    os_trv                                   0x000028bc   Data           4  rtx_conf_cm.o(.constdata)
    os_flags                                 0x000028c0   Data           1  rtx_conf_cm.o(.constdata)
    CMSIS_RTOS_API_Version                   0x000028c4   Data           4  rtx_conf_cm.o(.constdata)
    CMSIS_RTOS_RTX_Version                   0x000028c8   Data           4  rtx_conf_cm.o(.constdata)
    os_clockrate                             0x000028cc   Data           4  rtx_conf_cm.o(.constdata)
    os_timernum                              0x000028d0   Data           4  rtx_conf_cm.o(.constdata)
    os_thread_def_main                       0x000028d4   Data          16  rtx_conf_cm.o(.constdata)
    mp_tcb_size                              0x000028e4   Data           2  rtx_conf_cm.o(.constdata)
    mp_stk_size                              0x000028e8   Data           4  rtx_conf_cm.o(.constdata)
    os_stack_sz                              0x000028ec   Data           4  rtx_conf_cm.o(.constdata)
    os_fifo_size                             0x000028f0   Data           1  rtx_conf_cm.o(.constdata)
    os_thread_def_osTimerThread              0x000028f4   Data          16  rtx_conf_cm.o(.constdata)
    os_messageQ_def_osTimerMessageQ          0x00002904   Data           8  rtx_conf_cm.o(.constdata)
    mp_tmr_size                              0x0000290c   Data           2  rtx_conf_cm.o(.constdata)
    Region$$Table$$Base                      0x00002910   Number         0  anon$$obj.o(Region$$Table)
    Region$$Table$$Limit                     0x00002930   Number         0  anon$$obj.o(Region$$Table)
    os_semaphore_cb_t_sem                    0x10000000   Data           8  main.o(.data)
    t_mut                                    0x10000008   Data           4  main.o(.data)
    t_main_mut                               0x1000000c   Data           4  main.o(.data)
    t_TaskA_mut                              0x10000010   Data           4  main.o(.data)
    t_TaskB_mut                              0x10000014   Data           4  main.o(.data)
    t_TaskC_mut                              0x10000018   Data           4  main.o(.data)
    t_sem                                    0x1000001c   Data           4  main.o(.data)
    t_main_sem                               0x10000020   Data           4  main.o(.data)
    t_TaskA_sem                              0x10000024   Data           4  main.o(.data)
    t_TaskB_sem                              0x10000028   Data           4  main.o(.data)
    t_TaskC_sem                              0x1000002c   Data           4  main.o(.data)
    rsm                                      0x10000030   Data           4  main.o(.data)
    rsm_A                                    0x10000034   Data           4  main.o(.data)
    t_main_rsm                               0x10000038   Data           4  main.o(.data)
    t_TaskA_rsm                              0x1000003c   Data           4  main.o(.data)
    t_TaskB_rsm                              0x10000040   Data           4  main.o(.data)
    t_TaskC_rsm                              0x10000044   Data           4  main.o(.data)
    t_Thread_1                               0x10000048   Data           4  main.o(.data)
    t_Thread_2                               0x1000004c   Data           4  main.o(.data)
    t_Thread_3                               0x10000050   Data           4  main.o(.data)
    count_Thread_1                           0x10000058   Data           8  main.o(.data)
    count_Thread_2                           0x10000060   Data           8  main.o(.data)
    count_Thread_3                           0x10000068   Data           8  main.o(.data)
    m_tmr                                    0x10000074   Data           4  rtx_conf_cm.o(.data)
    osThreadId_osTimerThread                 0x10000078   Data           4  rtx_conf_cm.o(.data)
    osMessageQId_osTimerMessageQ             0x1000007c   Data           4  rtx_conf_cm.o(.data)
    SystemCoreClock                          0x10000080   Data           4  system_lpc17xx.o(.data)
    os_initialized                           0x10000084   Data           1  rt_cmsis.o(.data)
    os_running                               0x10000085   Data           1  rt_cmsis.o(.data)
    os_timer_head                            0x10000088   Data           4  rt_cmsis.o(.data)
    os_tsk                                   0x1000008c   Data           8  rt_task.o(.data)
    os_tick_irqn                             0x10000098   Data           4  rt_system.o(.data)
    os_time                                  0x1000009c   Data           4  rt_time.o(.data)
    dbg_msg                                  0x100000a0   Data           1  hal_cm.o(.data)
    __stdout                                 0x100000a4   Data           4  stdout.o(.data)
    os_mutex_cb_t_mut                        0x100000a8   Data          16  main.o(.bss)
    os_messageQ_q_osTimerMessageQ            0x100000b8   Data          32  rtx_conf_cm.o(.bss)
    mp_tcb                                   0x100000d8   Data         376  rtx_conf_cm.o(.bss)
    mp_stk                                   0x10000250   Data       24592  rtx_conf_cm.o(.bss)
    os_stack_mem                             0x10006260   Data         432  rtx_conf_cm.o(.bss)
    os_fifo                                  0x10006410   Data         132  rtx_conf_cm.o(.bss)
    os_active_TCB                            0x10006494   Data          28  rtx_conf_cm.o(.bss)
    os_idle_TCB                              0x100064b0   Data          52  rt_task.o(.bss)
    os_rdy                                   0x100064e4   Data          24  rt_list.o(.bss)
    os_dly                                   0x100064fc   Data          24  rt_list.o(.bss)
    __initial_sp                             0x10006718   Data           0  startup_lpc17xx.o(STACK)



==============================================================================

Memory Map of the image

  Image Entry point : 0x000000cd

  Load Region LR_IROM1 (Base: 0x00000000, Size: 0x000029d8, Max: 0x00080000, ABSOLUTE)

    Execution Region ER_IROM1 (Exec base: 0x00000000, Load base: 0x00000000, Size: 0x00002930, Max: 0x00080000, ABSOLUTE)

    Exec Addr    Load Addr    Size         Type   Attr      Idx    E Section Name        Object

    0x00000000   0x00000000   0x000000cc   Data   RO          612    RESET               startup_lpc17xx.o
    0x000000cc   0x000000cc   0x00000000   Code   RO         1867  * .ARM.Collect$$$$00000000  mc_w.l(entry.o)
    0x000000cc   0x000000cc   0x00000004   Code   RO         2144    .ARM.Collect$$$$00000001  mc_w.l(entry2.o)
    0x000000d0   0x000000d0   0x00000004   Code   RO         2147    .ARM.Collect$$$$00000004  mc_w.l(entry5.o)
    0x000000d4   0x000000d4   0x00000000   Code   RO         2149    .ARM.Collect$$$$00000008  mc_w.l(entry7b.o)
    0x000000d4   0x000000d4   0x00000000   Code   RO         2151    .ARM.Collect$$$$0000000A  mc_w.l(entry8b.o)
    0x000000d4   0x000000d4   0x00000000   Code   RO         2152    .ARM.Collect$$$$0000000D  mc_w.l(entry10a.o)
    0x000000d4   0x000000d4   0x00000000   Code   RO         2154    .ARM.Collect$$$$0000000F  mc_w.l(entry11a.o)
    0x000000d4   0x000000d4   0x00000018   Code   RO          374    .ARM.Collect$$$$000000FF  rtx_conf_cm.o
    0x000000ec   0x000000ec   0x00000004   Code   RO         2145    .ARM.Collect$$$$00002712  mc_w.l(entry2.o)
    0x000000f0   0x000000f0   0x00000130   Code   RO         1854    .emb_text           RTX_CM3.lib(hal_cm3.o)
    0x00000220   0x00000220   0x00000024   Code   RO          614    .text               startup_lpc17xx.o
    0x00000244   0x00000244   0x00000062   Code   RO         1876    .text               mc_w.l(uldiv.o)
    0x000002a6   0x000002a6   0x00000022   Code   RO         2142    .text               mf_w.l(dflti.o)
    0x000002c8   0x000002c8   0x0000001e   Code   RO         2158    .text               mc_w.l(llshl.o)
    0x000002e6   0x000002e6   0x00000000   Code   RO         2164    .text               mc_w.l(iusefp.o)
    0x000002e6   0x000002e6   0x00000002   PAD
    0x000002e8   0x000002e8   0x00000004   Code   RO         1864    SVC_TABLE           RTX_CM3.lib(svc_table.o)
    0x000002ec   0x000002ec   0x00000010   Code   RO            4    i.Resource_1        main.o
    0x000002fc   0x000002fc   0x00000004   Code   RO          613    .ARM.__at_0x02FC    startup_lpc17xx.o
    0x00000300   0x00000300   0x0000014e   Code   RO         2138    .text               mf_w.l(dadd.o)
    0x0000044e   0x0000044e   0x000000de   Code   RO         2140    .text               mf_w.l(ddiv.o)
    0x0000052c   0x0000052c   0x00000020   Code   RO         2160    .text               mc_w.l(llushr.o)
    0x0000054c   0x0000054c   0x00000024   Code   RO         2162    .text               mc_w.l(llsshr.o)
    0x00000570   0x00000570   0x000000ba   Code   RO         2165    .text               mf_w.l(depilogue.o)
    0x0000062a   0x0000062a   0x00000002   PAD
    0x0000062c   0x0000062c   0x00000024   Code   RO         2173    .text               mc_w.l(init.o)
    0x00000650   0x00000650   0x00000020   Code   RO          208    i.ADC_IRQHandler    adc_mcb1700.o
    0x00000670   0x00000670   0x00000040   Code   RO          209    i.ADC_Initialize    adc_mcb1700.o
    0x000006b0   0x000006b0   0x0000001c   Code   RO          523    i.GPIO_PinRead      gpio_lpc17xx.o
    0x000006cc   0x000006cc   0x0000001c   Code   RO          524    i.GPIO_PinWrite     gpio_lpc17xx.o
    0x000006e8   0x000006e8   0x00000024   Code   RO          525    i.GPIO_PortClock    gpio_lpc17xx.o
    0x0000070c   0x0000070c   0x00000024   Code   RO          528    i.GPIO_SetDir       gpio_lpc17xx.o
    0x00000730   0x00000730   0x00000024   Code   RO          448    i.ITM_SendChar      retarget_io.o
    0x00000754   0x00000754   0x0000004c   Code   RO          276    i.Joystick_GetState  joystick_mcb1700.o
    0x000007a0   0x000007a0   0x0000003c   Code   RO          277    i.Joystick_Initialize  joystick_mcb1700.o
    0x000007dc   0x000007dc   0x00000048   Code   RO          322    i.LED_Initialize    led_mcb1700.o
    0x00000824   0x00000824   0x00000028   Code   RO          323    i.LED_Off           led_mcb1700.o
    0x0000084c   0x0000084c   0x00000028   Code   RO          324    i.LED_On            led_mcb1700.o
    0x00000874   0x00000874   0x00000070   Code   RO          577    i.PIN_Configure     pin_lpc17xx.o
    0x000008e4   0x000008e4   0x00000010   Code   RO            5    i.Resource_2        main.o
    0x000008f4   0x000008f4   0x00000120   Code   RO          623    i.SystemCoreClockUpdate  system_lpc17xx.o
    0x00000a14   0x00000a14   0x000000b8   Code   RO          624    i.SystemInit        system_lpc17xx.o
    0x00000acc   0x00000acc   0x00000034   Code   RO            6    i.TaskA_mut         main.o
    0x00000b00   0x00000b00   0x0000004c   Code   RO            7    i.TaskA_rsm         main.o
    0x00000b4c   0x00000b4c   0x00000034   Code   RO            8    i.TaskA_sem         main.o
    0x00000b80   0x00000b80   0x00000002   Code   RO            9    i.TaskB_mut         main.o
    0x00000b82   0x00000b82   0x00000002   Code   RO           10    i.TaskB_rsm         main.o
    0x00000b84   0x00000b84   0x00000002   Code   RO           11    i.TaskB_sem         main.o
    0x00000b86   0x00000b86   0x00000002   PAD
    0x00000b88   0x00000b88   0x00000020   Code   RO           12    i.TaskC_mut         main.o
    0x00000ba8   0x00000ba8   0x00000028   Code   RO           13    i.TaskC_rsm         main.o
    0x00000bd0   0x00000bd0   0x00000020   Code   RO           14    i.TaskC_sem         main.o
    0x00000bf0   0x00000bf0   0x00000054   Code   RO           15    i.Thread_1          main.o
    0x00000c44   0x00000c44   0x00000068   Code   RO           16    i.Thread_2          main.o
    0x00000cac   0x00000cac   0x00000040   Code   RO           17    i.Thread_3          main.o
    0x00000cec   0x00000cec   0x00000010   Code   RO         1879    i.__0printf$bare    mc_w.l(printfb.o)
    0x00000cfc   0x00000cfc   0x0000000e   Code   RO         2177    i.__scatterload_copy  mc_w.l(handlers.o)
    0x00000d0a   0x00000d0a   0x00000002   Code   RO         2178    i.__scatterload_null  mc_w.l(handlers.o)
    0x00000d0c   0x00000d0c   0x0000000e   Code   RO         2179    i.__scatterload_zeroinit  mc_w.l(handlers.o)
    0x00000d1a   0x00000d1a   0x00000046   Code   RO         1732    i._init_box         RTX_CM3.lib(rt_membox.o)
    0x00000d60   0x00000d60   0x00000022   Code   RO         1886    i._printf_core      mc_w.l(printfb.o)
    0x00000d82   0x00000d82   0x00000002   PAD
    0x00000d84   0x00000d84   0x00000030   Code   RO         1785    i.dbg_init          RTX_CM3.lib(hal_cm.o)
    0x00000db4   0x00000db4   0x00000020   Code   RO         1786    i.dbg_task_notify   RTX_CM3.lib(hal_cm.o)
    0x00000dd4   0x00000dd4   0x00000010   Code   RO         1787    i.dbg_task_switch   RTX_CM3.lib(hal_cm.o)
    0x00000de4   0x00000de4   0x00000010   Code   RO           18    i.delay             main.o
    0x00000df4   0x00000df4   0x00000014   Code   RO          453    i.fputc             retarget_io.o
    0x00000e08   0x00000e08   0x0000002a   Code   RO          659    i.isrMessageGet     RTX_CM3.lib(rt_cmsis.o)
    0x00000e32   0x00000e32   0x0000002c   Code   RO          660    i.isrMessagePut     RTX_CM3.lib(rt_cmsis.o)
    0x00000e5e   0x00000e5e   0x00000028   Code   RO          661    i.isrSemaphoreRelease  RTX_CM3.lib(rt_cmsis.o)
    0x00000e86   0x00000e86   0x00000024   Code   RO          662    i.isrSignalSet      RTX_CM3.lib(rt_cmsis.o)
    0x00000eaa   0x00000eaa   0x00000002   PAD
    0x00000eac   0x00000eac   0x00000028   Code   RO         1456    i.isr_evt_set       RTX_CM3.lib(rt_event.o)
    0x00000ed4   0x00000ed4   0x00000056   Code   RO         1578    i.isr_mbx_receive   RTX_CM3.lib(rt_mailbox.o)
    0x00000f2a   0x00000f2a   0x0000000e   Code   RO         1579    i.isr_mbx_send      RTX_CM3.lib(rt_mailbox.o)
    0x00000f38   0x00000f38   0x00000010   Code   RO         1626    i.isr_sem_send      RTX_CM3.lib(rt_semaphore.o)
    0x00000f48   0x00000f48   0x00000328   Code   RO           19    i.main              main.o
    0x00001270   0x00001270   0x00000018   Code   RO          663    i.osDelay           RTX_CM3.lib(rt_cmsis.o)
    0x00001288   0x00001288   0x00000024   Code   RO          664    i.osKernelInitialize  RTX_CM3.lib(rt_cmsis.o)
    0x000012ac   0x000012ac   0x0000006c   Code   RO          666    i.osKernelStart     RTX_CM3.lib(rt_cmsis.o)
    0x00001318   0x00001318   0x00000018   Code   RO          675    i.osMessageGet      RTX_CM3.lib(rt_cmsis.o)
    0x00001330   0x00001330   0x0000002c   Code   RO          677    i.osMutexCreate     RTX_CM3.lib(rt_cmsis.o)
    0x0000135c   0x0000135c   0x00000018   Code   RO          679    i.osMutexRelease    RTX_CM3.lib(rt_cmsis.o)
    0x00001374   0x00001374   0x00000018   Code   RO          680    i.osMutexWait       RTX_CM3.lib(rt_cmsis.o)
    0x0000138c   0x0000138c   0x0000002c   Code   RO          685    i.osSemaphoreCreate  RTX_CM3.lib(rt_cmsis.o)
    0x000013b8   0x000013b8   0x00000018   Code   RO          687    i.osSemaphoreRelease  RTX_CM3.lib(rt_cmsis.o)
    0x000013d0   0x000013d0   0x00000018   Code   RO          688    i.osSemaphoreWait   RTX_CM3.lib(rt_cmsis.o)
    0x000013e8   0x000013e8   0x00000018   Code   RO          690    i.osSignalSet       RTX_CM3.lib(rt_cmsis.o)
    0x00001400   0x00001400   0x00000018   Code   RO          691    i.osSignalWait      RTX_CM3.lib(rt_cmsis.o)
    0x00001418   0x00001418   0x0000002c   Code   RO          692    i.osThreadCreate    RTX_CM3.lib(rt_cmsis.o)
    0x00001444   0x00001444   0x00000018   Code   RO          693    i.osThreadExit      RTX_CM3.lib(rt_cmsis.o)
    0x0000145c   0x0000145c   0x00000018   Code   RO          694    i.osThreadGetId     RTX_CM3.lib(rt_cmsis.o)
    0x00001474   0x00001474   0x00000018   Code   RO          696    i.osThreadSetPriority  RTX_CM3.lib(rt_cmsis.o)
    0x0000148c   0x0000148c   0x00000018   Code   RO          697    i.osThreadTerminate  RTX_CM3.lib(rt_cmsis.o)
    0x000014a4   0x000014a4   0x0000000c   Code   RO          699    i.osTimerCall       RTX_CM3.lib(rt_cmsis.o)
    0x000014b0   0x000014b0   0x0000002c   Code   RO          704    i.osTimerThread     RTX_CM3.lib(rt_cmsis.o)
    0x000014dc   0x000014dc   0x00000002   Code   RO          375    i.os_error          rtx_conf_cm.o
    0x000014de   0x000014de   0x00000002   Code   RO          376    i.os_idle_demon     rtx_conf_cm.o
    0x000014e0   0x000014e0   0x00000028   Code   RO         1366    i.os_tick_init      RTX_CM3.lib(rt_system.o)
    0x00001508   0x00001508   0x00000002   Code   RO         1367    i.os_tick_irqack    RTX_CM3.lib(rt_system.o)
    0x0000150a   0x0000150a   0x0000001a   Code   RO         1733    i.rt_alloc_box      RTX_CM3.lib(rt_membox.o)
    0x00001524   0x00001524   0x0000003e   Code   RO         1761    i.rt_alloc_mem      RTX_CM3.lib(rt_memory.o)
    0x00001562   0x00001562   0x00000002   PAD
    0x00001564   0x00001564   0x00000038   Code   RO         1281    i.rt_block          RTX_CM3.lib(rt_task.o)
    0x0000159c   0x0000159c   0x00000002   Code   RO          377    i.rt_chk_robin      rtx_conf_cm.o
    0x0000159e   0x0000159e   0x00000002   PAD
    0x000015a0   0x000015a0   0x00000070   Code   RO         1502    i.rt_dec_dly        RTX_CM3.lib(rt_list.o)
    0x00001610   0x00001610   0x00000044   Code   RO         1282    i.rt_dispatch       RTX_CM3.lib(rt_task.o)
    0x00001654   0x00001654   0x00000006   Code   RO         1668    i.rt_dly_wait       RTX_CM3.lib(rt_time.o)
    0x0000165a   0x0000165a   0x00000002   PAD
    0x0000165c   0x0000165c   0x00000050   Code   RO         1459    i.rt_evt_psh        RTX_CM3.lib(rt_event.o)
    0x000016ac   0x000016ac   0x0000005c   Code   RO         1460    i.rt_evt_set        RTX_CM3.lib(rt_event.o)
    0x00001708   0x00001708   0x0000003c   Code   RO         1461    i.rt_evt_wait       RTX_CM3.lib(rt_event.o)
    0x00001744   0x00001744   0x0000002c   Code   RO         1734    i.rt_free_box       RTX_CM3.lib(rt_membox.o)
    0x00001770   0x00001770   0x00000028   Code   RO         1762    i.rt_free_mem       RTX_CM3.lib(rt_memory.o)
    0x00001798   0x00001798   0x00000028   Code   RO         1503    i.rt_get_first      RTX_CM3.lib(rt_list.o)
    0x000017c0   0x000017c0   0x00000008   Code   RO          709    i.rt_id2obj         RTX_CM3.lib(rt_cmsis.o)
    0x000017c8   0x000017c8   0x00000048   Code   RO         1283    i.rt_init_context   RTX_CM3.lib(rt_task.o)
    0x00001810   0x00001810   0x0000001a   Code   RO         1763    i.rt_init_mem       RTX_CM3.lib(rt_memory.o)
    0x0000182a   0x0000182a   0x00000002   Code   RO          378    i.rt_init_robin     rtx_conf_cm.o
    0x0000182c   0x0000182c   0x00000080   Code   RO         1788    i.rt_init_stack     RTX_CM3.lib(hal_cm.o)
    0x000018ac   0x000018ac   0x00000008   Code   RO         1580    i.rt_mbx_check      RTX_CM3.lib(rt_mailbox.o)
    0x000018b4   0x000018b4   0x0000001a   Code   RO         1581    i.rt_mbx_init       RTX_CM3.lib(rt_mailbox.o)
    0x000018ce   0x000018ce   0x00000002   PAD
    0x000018d0   0x000018d0   0x000000f0   Code   RO         1582    i.rt_mbx_psh        RTX_CM3.lib(rt_mailbox.o)
    0x000019c0   0x000019c0   0x000000b4   Code   RO         1584    i.rt_mbx_wait       RTX_CM3.lib(rt_mailbox.o)
    0x00001a74   0x00001a74   0x00000044   Code   RO          710    i.rt_ms2tick        RTX_CM3.lib(rt_cmsis.o)
    0x00001ab8   0x00001ab8   0x00000010   Code   RO         1702    i.rt_mut_init       RTX_CM3.lib(rt_mutex.o)
    0x00001ac8   0x00001ac8   0x000000d8   Code   RO         1703    i.rt_mut_release    RTX_CM3.lib(rt_mutex.o)
    0x00001ba0   0x00001ba0   0x00000078   Code   RO         1704    i.rt_mut_wait       RTX_CM3.lib(rt_mutex.o)
    0x00001c18   0x00001c18   0x0000007c   Code   RO         1370    i.rt_pop_req        RTX_CM3.lib(rt_system.o)
    0x00001c94   0x00001c94   0x00000020   Code   RO         1371    i.rt_psh_req        RTX_CM3.lib(rt_system.o)
    0x00001cb4   0x00001cb4   0x0000005c   Code   RO         1505    i.rt_psq_enq        RTX_CM3.lib(rt_list.o)
    0x00001d10   0x00001d10   0x00000048   Code   RO         1506    i.rt_put_dly        RTX_CM3.lib(rt_list.o)
    0x00001d58   0x00001d58   0x00000036   Code   RO         1507    i.rt_put_prio       RTX_CM3.lib(rt_list.o)
    0x00001d8e   0x00001d8e   0x00000002   PAD
    0x00001d90   0x00001d90   0x00000014   Code   RO         1508    i.rt_put_rdy_first  RTX_CM3.lib(rt_list.o)
    0x00001da4   0x00001da4   0x00000034   Code   RO         1509    i.rt_resort_prio    RTX_CM3.lib(rt_list.o)
    0x00001dd8   0x00001dd8   0x00000006   Code   RO         1789    i.rt_ret_val        RTX_CM3.lib(hal_cm.o)
    0x00001dde   0x00001dde   0x00000008   Code   RO         1790    i.rt_ret_val2       RTX_CM3.lib(hal_cm.o)
    0x00001de6   0x00001de6   0x00000028   Code   RO         1510    i.rt_rmv_dly        RTX_CM3.lib(rt_list.o)
    0x00001e0e   0x00001e0e   0x00000002   PAD
    0x00001e10   0x00001e10   0x00000030   Code   RO         1511    i.rt_rmv_list       RTX_CM3.lib(rt_list.o)
    0x00001e40   0x00001e40   0x0000000c   Code   RO         1628    i.rt_sem_init       RTX_CM3.lib(rt_semaphore.o)
    0x00001e4c   0x00001e4c   0x00000034   Code   RO         1629    i.rt_sem_psh        RTX_CM3.lib(rt_semaphore.o)
    0x00001e80   0x00001e80   0x0000002a   Code   RO         1630    i.rt_sem_send       RTX_CM3.lib(rt_semaphore.o)
    0x00001eaa   0x00001eaa   0x00000002   PAD
    0x00001eac   0x00001eac   0x00000040   Code   RO         1631    i.rt_sem_wait       RTX_CM3.lib(rt_semaphore.o)
    0x00001eec   0x00001eec   0x00000024   Code   RO         1373    i.rt_stk_check      RTX_CM3.lib(rt_system.o)
    0x00001f10   0x00001f10   0x00000028   Code   RO         1284    i.rt_switch_req     RTX_CM3.lib(rt_task.o)
    0x00001f38   0x00001f38   0x000000cc   Code   RO         1285    i.rt_sys_init       RTX_CM3.lib(rt_task.o)
    0x00002004   0x00002004   0x00000078   Code   RO         1286    i.rt_sys_start      RTX_CM3.lib(rt_task.o)
    0x0000207c   0x0000207c   0x00000040   Code   RO         1375    i.rt_systick        RTX_CM3.lib(rt_system.o)
    0x000020bc   0x000020bc   0x00000012   Code   RO          711    i.rt_tid2ptcb       RTX_CM3.lib(rt_cmsis.o)
    0x000020ce   0x000020ce   0x00000002   PAD
    0x000020d0   0x000020d0   0x00000034   Code   RO          712    i.rt_timer_insert   RTX_CM3.lib(rt_cmsis.o)
    0x00002104   0x00002104   0x00000088   Code   RO         1287    i.rt_tsk_create     RTX_CM3.lib(rt_task.o)
    0x0000218c   0x0000218c   0x0000017c   Code   RO         1288    i.rt_tsk_delete     RTX_CM3.lib(rt_task.o)
    0x00002308   0x00002308   0x0000007c   Code   RO         1290    i.rt_tsk_prio       RTX_CM3.lib(rt_task.o)
    0x00002384   0x00002384   0x00000010   Code   RO         1291    i.rt_tsk_self       RTX_CM3.lib(rt_task.o)
    0x00002394   0x00002394   0x00000020   Code   RO           20    i.semRelease        main.o
    0x000023b4   0x000023b4   0x00000020   Code   RO           21    i.semWait           main.o
    0x000023d4   0x000023d4   0x00000004   Code   RO          454    i.stdout_putchar    retarget_io.o
    0x000023d8   0x000023d8   0x00000012   Code   RO          714    i.svcDelay          RTX_CM3.lib(rt_cmsis.o)
    0x000023ea   0x000023ea   0x00000002   PAD
    0x000023ec   0x000023ec   0x00000070   Code   RO          715    i.svcKernelInitialize  RTX_CM3.lib(rt_cmsis.o)
    0x0000245c   0x0000245c   0x00000048   Code   RO          717    i.svcKernelStart    RTX_CM3.lib(rt_cmsis.o)
    0x000024a4   0x000024a4   0x00000024   Code   RO          720    i.svcMessageCreate  RTX_CM3.lib(rt_cmsis.o)
    0x000024c8   0x000024c8   0x0000003a   Code   RO          721    i.svcMessageGet     RTX_CM3.lib(rt_cmsis.o)
    0x00002502   0x00002502   0x0000001c   Code   RO          723    i.svcMutexCreate    RTX_CM3.lib(rt_cmsis.o)
    0x0000251e   0x0000251e   0x00000022   Code   RO          725    i.svcMutexRelease   RTX_CM3.lib(rt_cmsis.o)
    0x00002540   0x00002540   0x0000003a   Code   RO          726    i.svcMutexWait      RTX_CM3.lib(rt_cmsis.o)
    0x0000257a   0x0000257a   0x00000024   Code   RO          728    i.svcSemaphoreCreate  RTX_CM3.lib(rt_cmsis.o)
    0x0000259e   0x0000259e   0x00000028   Code   RO          730    i.svcSemaphoreRelease  RTX_CM3.lib(rt_cmsis.o)
    0x000025c6   0x000025c6   0x00000032   Code   RO          731    i.svcSemaphoreWait  RTX_CM3.lib(rt_cmsis.o)
    0x000025f8   0x000025f8   0x00000024   Code   RO          733    i.svcSignalSet      RTX_CM3.lib(rt_cmsis.o)
    0x0000261c   0x0000261c   0x00000054   Code   RO          734    i.svcSignalWait     RTX_CM3.lib(rt_cmsis.o)
    0x00002670   0x00002670   0x0000006c   Code   RO          735    i.svcThreadCreate   RTX_CM3.lib(rt_cmsis.o)
    0x000026dc   0x000026dc   0x0000001c   Code   RO          736    i.svcThreadGetId    RTX_CM3.lib(rt_cmsis.o)
    0x000026f8   0x000026f8   0x0000002e   Code   RO          738    i.svcThreadSetPriority  RTX_CM3.lib(rt_cmsis.o)
    0x00002726   0x00002726   0x00000002   PAD
    0x00002728   0x00002728   0x00000038   Code   RO          739    i.svcThreadTerminate  RTX_CM3.lib(rt_cmsis.o)
    0x00002760   0x00002760   0x00000018   Code   RO          741    i.svcTimerCall      RTX_CM3.lib(rt_cmsis.o)
    0x00002778   0x00002778   0x0000005c   Code   RO          750    i.sysTimerTick      RTX_CM3.lib(rt_cmsis.o)
    0x000027d4   0x000027d4   0x000000c8   Data   RO           24    .constdata          main.o
    0x0000289c   0x0000289c   0x0000000a   Data   RO          279    .constdata          joystick_mcb1700.o
    0x000028a6   0x000028a6   0x00000010   Data   RO          327    .constdata          led_mcb1700.o
    0x000028b6   0x000028b6   0x00000002   Data   RO          385    .constdata          rtx_conf_cm.o
    0x000028b8   0x000028b8   0x00000004   Data   RO          386    .constdata          rtx_conf_cm.o
    0x000028bc   0x000028bc   0x00000004   Data   RO          391    .constdata          rtx_conf_cm.o
    0x000028c0   0x000028c0   0x00000001   Data   RO          392    .constdata          rtx_conf_cm.o
    0x000028c1   0x000028c1   0x00000003   PAD
    0x000028c4   0x000028c4   0x00000020   Data   RO          393    .constdata          rtx_conf_cm.o
    0x000028e4   0x000028e4   0x00000002   Data   RO          394    .constdata          rtx_conf_cm.o
    0x000028e6   0x000028e6   0x00000002   PAD
    0x000028e8   0x000028e8   0x00000004   Data   RO          395    .constdata          rtx_conf_cm.o
    0x000028ec   0x000028ec   0x00000004   Data   RO          396    .constdata          rtx_conf_cm.o
    0x000028f0   0x000028f0   0x00000001   Data   RO          397    .constdata          rtx_conf_cm.o
    0x000028f1   0x000028f1   0x00000003   PAD
    0x000028f4   0x000028f4   0x00000010   Data   RO          398    .constdata          rtx_conf_cm.o
    0x00002904   0x00002904   0x00000008   Data   RO          399    .constdata          rtx_conf_cm.o
    0x0000290c   0x0000290c   0x00000002   Data   RO          400    .constdata          rtx_conf_cm.o
    0x0000290e   0x0000290e   0x00000002   PAD
    0x00002910   0x00002910   0x00000020   Data   RO         2175    Region$$Table       anon$$obj.o


    Execution Region RW_IRAM1 (Exec base: 0x10000000, Load base: 0x00002930, Size: 0x00006718, Max: 0x00008000, ABSOLUTE)

    Exec Addr    Load Addr    Size         Type   Attr      Idx    E Section Name        Object

    0x10000000   0x00002930   0x00000008   Data   RW           25    .data               main.o
    0x10000008   0x00002938   0x00000068   Data   RW           26    .data               main.o
    0x10000070   0x000029a0   0x00000004   Data   RW          213    .data               adc_mcb1700.o
    0x10000074   0x000029a4   0x00000004   Data   RW          402    .data               rtx_conf_cm.o
    0x10000078   0x000029a8   0x00000004   Data   RW          403    .data               rtx_conf_cm.o
    0x1000007c   0x000029ac   0x00000004   Data   RW          404    .data               rtx_conf_cm.o
    0x10000080   0x000029b0   0x00000004   Data   RW          625    .data               system_lpc17xx.o
    0x10000084   0x000029b4   0x00000008   Data   RW          753    .data               RTX_CM3.lib(rt_cmsis.o)
    0x1000008c   0x000029bc   0x00000008   Data   RW         1293    .data               RTX_CM3.lib(rt_task.o)
    0x10000094   0x000029c4   0x00000008   Data   RW         1378    .data               RTX_CM3.lib(rt_system.o)
    0x1000009c   0x000029cc   0x00000004   Data   RW         1672    .data               RTX_CM3.lib(rt_time.o)
    0x100000a0   0x000029d0   0x00000001   Data   RW         1791    .data               RTX_CM3.lib(hal_cm.o)
    0x100000a1   0x000029d1   0x00000003   PAD
    0x100000a4   0x000029d4   0x00000004   Data   RW         1874    .data               mc_w.l(stdout.o)
    0x100000a8        -       0x00000010   Zero   RW           22    .bss                main.o
    0x100000b8        -       0x00000020   Zero   RW          379    .bss                rtx_conf_cm.o
    0x100000d8        -       0x00000178   Zero   RW          380    .bss                rtx_conf_cm.o
    0x10000250        -       0x00006010   Zero   RW          381    .bss                rtx_conf_cm.o
    0x10006260        -       0x000001b0   Zero   RW          382    .bss                rtx_conf_cm.o
    0x10006410        -       0x00000084   Zero   RW          383    .bss                rtx_conf_cm.o
    0x10006494        -       0x0000001c   Zero   RW          384    .bss                rtx_conf_cm.o
    0x100064b0        -       0x00000034   Zero   RW         1292    .bss                RTX_CM3.lib(rt_task.o)
    0x100064e4        -       0x00000030   Zero   RW         1512    .bss                RTX_CM3.lib(rt_list.o)
    0x10006514   0x000029d8   0x00000004   PAD
    0x10006518        -       0x00000200   Zero   RW          610    STACK               startup_lpc17xx.o


==============================================================================

Image component sizes


      Code (inc. data)   RO Data    RW Data    ZI Data      Debug   Object Name

        96         22          0          4          0      29647   adc_mcb1700.o
       128         20          0          0          0       2470   gpio_lpc17xx.o
       136          4         10          0          0       2226   joystick_mcb1700.o
       152         12         16          0          0       2712   led_mcb1700.o
      1462        408        200        112         16      63940   main.o
       112          4          0          0          0        896   pin_lpc17xx.o
        60          8          0          0          0       2895   retarget_io.o
        32          6         80         12      25592       8771   rtx_conf_cm.o
        40         12        204          0        512       1076   startup_lpc17xx.o
       472         38          0          4          0       1511   system_lpc17xx.o

    ----------------------------------------------------------------------
      2694        534        552        132      26120     116144   Object Totals
         0          0         32          0          0          0   (incl. Generated)
         4          0         10          0          0          0   (incl. Padding)

    ----------------------------------------------------------------------

      Code (inc. data)   RO Data    RW Data    ZI Data      Debug   Library Member Name

       238         24          0          1          0       3244   hal_cm.o
       304         36          0          0          0        756   hal_cm3.o
      1944        216          0          8          0      47470   rt_cmsis.o
       272         18          0          0          0       2606   rt_event.o
       530         34          0          0         48       8157   rt_list.o
       554         10          0          0          0       3889   rt_mailbox.o
       140          0          0          0          0       1889   rt_membox.o
       128          0          0          0          0       2267   rt_memory.o
       352         14          0          0          0       2073   rt_mutex.o
       186         10          0          0          0       2862   rt_semaphore.o
       298         52          0          8          0       6139   rt_system.o
      1216        174          0          8         52       9537   rt_task.o
         6          0          0          4          0        636   rt_time.o
         4          4          0          0          0        196   svc_table.o
         0          0          0          0          0          0   entry.o
         0          0          0          0          0          0   entry10a.o
         0          0          0          0          0          0   entry11a.o
         8          4          0          0          0          0   entry2.o
         4          0          0          0          0          0   entry5.o
         0          0          0          0          0          0   entry7b.o
         0          0          0          0          0          0   entry8b.o
        30          0          0          0          0          0   handlers.o
        36          8          0          0          0         68   init.o
         0          0          0          0          0          0   iusefp.o
        30          0          0          0          0         68   llshl.o
        36          0          0          0          0         68   llsshr.o
        32          0          0          0          0         68   llushr.o
        50          8          0          0          0        152   printfb.o
         0          0          0          4          0          0   stdout.o
        98          0          0          0          0         92   uldiv.o
       334          0          0          0          0        148   dadd.o
       222          0          0          0          0        100   ddiv.o
       186          0          0          0          0        176   depilogue.o
        34          0          0          0          0         76   dflti.o

    ----------------------------------------------------------------------
      7298        612          0         36        104      92737   Library Totals
        26          0          0          3          4          0   (incl. Padding)

    ----------------------------------------------------------------------

      Code (inc. data)   RO Data    RW Data    ZI Data      Debug   Library Name

      6172        592          0         29        100      91721   RTX_CM3.lib
       324         20          0          4          0        516   mc_w.l
       776          0          0          0          0        500   mf_w.l

    ----------------------------------------------------------------------
      7298        612          0         36        104      92737   Library Totals

    ----------------------------------------------------------------------

==============================================================================


      Code (inc. data)   RO Data    RW Data    ZI Data      Debug   

      9992       1146        552        168      26224     201597   Grand Totals
      9992       1146        552        168      26224     201597   ELF Image Totals
      9992       1146        552        168          0          0   ROM Totals

==============================================================================

    Total RO  Size (Code + RO Data)                10544 (  10.30kB)
    Total RW  Size (RW Data + ZI Data)             26392 (  25.77kB)
    Total ROM Size (Code + RO Data + RW Data)      10712 (  10.46kB)

==============================================================================

